Archive member included to satisfy reference by file (symbol)

app/libapp.a(main.c.obj)      (--whole-archive)
app/libapp.a(LS013B7DH05_library.c.obj)
                              (--whole-archive)
app/libapp.a(MT15_library.c.obj)
                              (--whole-archive)
app/libapp.a(elva_initializer.c.obj)
                              (--whole-archive)
app/libapp.a(DRV2605L_library.c.obj)
                              (--whole-archive)
app/libapp.a(BQ27441_library.c.obj)
                              (--whole-archive)
app/libapp.a(medication_reminder.c.obj)
                              (--whole-archive)
app/libapp.a(ui_windows.c.obj)
                              (--whole-archive)
zephyr/libzephyr.a(isr_tables.c.obj)
                              (--whole-archive)
zephyr/libzephyr.a(sw_isr_common.c.obj)
                              (--whole-archive)
zephyr/libzephyr.a(arm_core_cmse.c.obj)
                              (--whole-archive)
zephyr/libzephyr.a(crc32_sw.c.obj)
                              (--whole-archive)
zephyr/libzephyr.a(crc16_sw.c.obj)
                              (--whole-archive)
zephyr/libzephyr.a(crc8_sw.c.obj)
                              (--whole-archive)
zephyr/libzephyr.a(crc7_sw.c.obj)
                              (--whole-archive)
zephyr/libzephyr.a(fdtable.c.obj)
                              (--whole-archive)
zephyr/libzephyr.a(mempool.c.obj)
                              (--whole-archive)
zephyr/libzephyr.a(rb.c.obj)  (--whole-archive)
zephyr/libzephyr.a(thread_entry.c.obj)
                              (--whole-archive)
zephyr/libzephyr.a(work_q.c.obj)
                              (--whole-archive)
zephyr/libzephyr.a(printk.c.obj)
                              (--whole-archive)
zephyr/libzephyr.a(assert.c.obj)
                              (--whole-archive)
zephyr/libzephyr.a(configs.c.obj)
                              (--whole-archive)
zephyr/libzephyr.a(soc.c.obj)
                              (--whole-archive)
zephyr/libzephyr.a(mpu_regions.c.obj)
                              (--whole-archive)
zephyr/libzephyr.a(system_nrf9160.c.obj)
                              (--whole-archive)
zephyr/libzephyr.a(nrfx_glue.c.obj)
                              (--whole-archive)
zephyr/libzephyr.a(nrfx_spim.c.obj)
                              (--whole-archive)
zephyr/libzephyr.a(nrfx_twim.c.obj)
                              (--whole-archive)
zephyr/libzephyr.a(addr_utils.c.obj)
                              (--whole-archive)
zephyr/libzephyr.a(socket_offload.c.obj)
                              (--whole-archive)
zephyr/libzephyr.a(rand32_timer.c.obj)
                              (--whole-archive)
zephyr/libzephyr.a(power.c.obj)
                              (--whole-archive)
zephyr/libzephyr.a(policy_residency.c.obj)
                              (--whole-archive)
zephyr/libzephyr.a(uart_console.c.obj)
                              (--whole-archive)
zephyr/libzephyr.a(nrf_power_clock.c.obj)
                              (--whole-archive)
zephyr/libzephyr.a(sys_clock_init.c.obj)
                              (--whole-archive)
zephyr/libzephyr.a(nrf_rtc_timer.c.obj)
                              (--whole-archive)
zephyr/libzephyr.a(secure_services_ns.c.obj)
                              (--whole-archive)
zephyr/arch/arm/core/libarch__arm__core.a(exc_exit.S.obj)
                              (--whole-archive)
zephyr/arch/arm/core/libarch__arm__core.a(swap_helper.S.obj)
                              (--whole-archive)
zephyr/arch/arm/core/libarch__arm__core.a(cpu_idle.S.obj)
                              (--whole-archive)
zephyr/arch/arm/core/libarch__arm__core.a(fault_s.S.obj)
                              (--whole-archive)
zephyr/arch/arm/core/libarch__arm__core.a(isr_wrapper.S.obj)
                              (--whole-archive)
zephyr/arch/arm/core/libarch__arm__core.a(irq_init.c.obj)
                              (--whole-archive)
zephyr/arch/arm/core/libarch__arm__core.a(swap.c.obj)
                              (--whole-archive)
zephyr/arch/arm/core/libarch__arm__core.a(fault.c.obj)
                              (--whole-archive)
zephyr/arch/arm/core/libarch__arm__core.a(irq_manage.c.obj)
                              (--whole-archive)
zephyr/arch/arm/core/libarch__arm__core.a(thread.c.obj)
                              (--whole-archive)
zephyr/arch/arm/core/libarch__arm__core.a(fatal.c.obj)
                              (--whole-archive)
zephyr/arch/arm/core/libarch__arm__core.a(sys_fatal_error_handler.c.obj)
                              (--whole-archive)
zephyr/arch/arm/core/libarch__arm__core.a(thread_abort.c.obj)
                              (--whole-archive)
zephyr/arch/arm/core/cortex_m/libarch__arm__core__cortex_m.a(vector_table.S.obj)
                              (--whole-archive)
zephyr/arch/arm/core/cortex_m/libarch__arm__core__cortex_m.a(reset.S.obj)
                              (--whole-archive)
[...]
Memory Configuration

Name             Origin             Length             Attributes
FLASH            0x0000c000         0x000f4000         xr
SRAM             0x20020000         0x00020000         xw
IDT_LIST         0x20040000         0x00000800         xw
*default*        0x00000000         0xffffffff

Linker script and memory map

LOAD zephyr/CMakeFiles/zephyr_final.dir/misc/empty_file.c.obj
LOAD zephyr/CMakeFiles/zephyr_final.dir/isr_tables.c.obj
                0x00000020                _region_min_align = 0x20

.rel.plt        0x0000c000        0x0
 *(SORT_BY_ALIGNMENT(.rel.plt))
                [!provide]                PROVIDE (__rel_iplt_start = .)
 *(SORT_BY_ALIGNMENT(.rel.iplt))
 .rel.iplt      0x0000c000        0x0 zephyr/CMakeFiles/zephyr_final.dir/isr_tables.c.obj
                [!provide]                PROVIDE (__rel_iplt_end = .)

.rela.plt       0x00000000        0x0
 *(SORT_BY_ALIGNMENT(.rela.plt))
                [!provide]                PROVIDE (__rela_iplt_start = .)
 *(SORT_BY_ALIGNMENT(.rela.iplt))
                [!provide]                PROVIDE (__rela_iplt_end = .)

.rel.dyn
 *(SORT_BY_ALIGNMENT(.rel.*))

.rela.dyn
 *(SORT_BY_ALIGNMENT(.rela.*))

/DISCARD/
 *(SORT_BY_ALIGNMENT(.plt))
 *(SORT_BY_ALIGNMENT(.iplt))
 *(SORT_BY_ALIGNMENT(.got.plt))
 *(SORT_BY_ALIGNMENT(.igot.plt))
 *(SORT_BY_ALIGNMENT(.got))
 *(SORT_BY_ALIGNMENT(.igot))
 *(SORT_BY_ALIGNMENT(.irq_info))
 *(SORT_BY_ALIGNMENT(.intList))
                0x0000c000                _image_rom_start = 0xc000

text            0x0000c000      0x144
                0x00000000                . = 0x0
                0x00000000                _vector_start = .
 *(SORT_BY_ALIGNMENT(.exc_vector_table))
 *(SORT_BY_ALIGNMENT(.exc_vector_table.*))
 .exc_vector_table._vector_table_section
                0x0000c000       0x40 zephyr/arch/arm/core/cortex_m/libarch__arm__core__cortex_m.a(vector_table.S.obj)
                0x0000c000                _vector_table
 *(SORT_BY_ALIGNMENT(.gnu.linkonce.irq_vector_table))
 .gnu.linkonce.irq_vector_table
                0x0000c040      0x104 zephyr/CMakeFiles/zephyr_final.dir/isr_tables.c.obj
                0x0000c040                _irq_vector_table
 *(SORT_BY_ALIGNMENT(.vectors))
 *(SORT_BY_ALIGNMENT(.openocd_dbg))
 *(SORT_BY_ALIGNMENT(.openocd_dbg.*))
 *(SORT_BY_ALIGNMENT(.kinetis_flash_config))
 *(SORT_BY_ALIGNMENT(.kinetis_flash_config.*))
                0x0000c144                _vector_end = .

_TEXT_SECTION_NAME_2
                0x0000c144    0x1b6c6
                0x0000c144                _image_text_start = .
 *(SORT_BY_ALIGNMENT(.text))
 .text          0x0000c144       0xa0 c:/gnuarmemb/bin/../lib/gcc/arm-none-eabi/7.3.1/thumb/v8-m.main/fpv5-sp/hard\libgcc.a(_aeabi_ldivmod.o)
                0x0000c144                __aeabi_ldivmod
 .text          0x0000c1e4       0x30 c:/gnuarmemb/bin/../lib/gcc/arm-none-eabi/7.3.1/thumb/v8-m.main/fpv5-sp/hard\libgcc.a(_aeabi_uldivmod.o)
                0x0000c1e4                __aeabi_uldivmod
 .text          0x0000c214      0x2e0 c:/gnuarmemb/bin/../lib/gcc/arm-none-eabi/7.3.1/thumb/v8-m.main/fpv5-sp/hard\libgcc.a(_udivmoddi4.o)
                0x0000c214                __udivmoddi4
 .text          0x0000c4f4        0x4 c:/gnuarmemb/bin/../lib/gcc/arm-none-eabi/7.3.1/thumb/v8-m.main/fpv5-sp/hard\libgcc.a(_dvmd_tls.o)
                0x0000c4f4                __aeabi_idiv0
                0x0000c4f4                __aeabi_ldiv0
 .text          0x0000c4f8      0x6a8 C:/nRFsdk/ncs/nrfxlib/crypto/nrf_oberon/lib/cortex-m33/hard-float/liboberon_3.0.0.a(ocrypto_bigint256.s.obj)
                0x0000c4f8                ocrypto_bigint_add128
                0x0000c51e                ocrypto_bigint_sub128
                0x0000c544                ocrypto_bigint_add256
                0x0000c584                ocrypto_bigint_sub256
                0x0000c5c4                ocrypto_bigint_cadd256
                0x0000c620                ocrypto_bigint_csub256
                0x0000c69a                ocrypto_bigint_cswap256
                0x0000c6b0                ocrypto_bigint_mul128
                0x0000c798                ocrypto_bigint_sqr256
                0x0000c79a                ocrypto_bigint_mul256
 .text          0x0000cba0       0x5c C:/nRFsdk/ncs/nrfxlib/crypto/nrf_oberon/lib/cortex-m33/hard-float/liboberon_3.0.0.a(ocrypto_constant_time.s.obj)
                0x0000cba0                ocrypto_constant_time_equal
                0x0000cbc6                ocrypto_constant_time_is_zero
                0x0000cbe0                ocrypto_constant_time_copy
                0x0000cbee                ocrypto_constant_time_fill_zero
 .text          0x0000cbfc      0x6dc C:/nRFsdk/ncs/nrfxlib/crypto/nrf_oberon/lib/cortex-m33/hard-float/liboberon_3.0.0.a(ocrypto_mod_p256_base.s.obj)
                0x0000cbfc                ocrypto_mod_p256_add
                0x0000cc7a                ocrypto_mod_p256_sub
                0x0000ccd4                ocrypto_mod_p256_square
                0x0000ccd6                ocrypto_mod_p256_mul
 *(SORT_BY_ALIGNMENT(.text.*))
 .text.expiry_function_sub
                0x0000d2d8       0x30 app/libapp.a(main.c.obj)
                0x0000d2d8                expiry_function_sub
 .text.expiry_function_minute
                0x0000d308       0x5c app/libapp.a(main.c.obj)
                0x0000d308                expiry_function_minute
 .text.expiry_function_second
                0x0000d364       0x54 app/libapp.a(main.c.obj)
                0x0000d364                expiry_function_second
 .text.poll.constprop.5
                0x0000d3b8       0x60 app/libapp.a(main.c.obj)
 .text.mqtt_evt_handler
                0x0000d418      0x234 app/libapp.a(main.c.obj)
                0x0000d418                mqtt_evt_handler
 .text.uart_cb  0x0000d64c       0xdc app/libapp.a(main.c.obj)
                0x0000d64c                uart_cb
 .text.bsd_recoverable_error_handler
                0x0000d728        0xc app/libapp.a(main.c.obj)
                0x0000d728                bsd_recoverable_error_handler
 .text.bsd_irrecoverable_error_handler
                0x0000d734       0x34 app/libapp.a(main.c.obj)
                0x0000d734                bsd_irrecoverable_error_handler
 .text.pub_settings_packet
                0x0000d768      0x568 app/libapp.a(main.c.obj)
                0x0000d768                pub_settings_packet
 .text.reconnect
                0x0000dcd0      0x30c app/libapp.a(main.c.obj)
                0x0000dcd0                reconnect
 .text.maintain_connection
                0x0000dfdc       0xe4 app/libapp.a(main.c.obj)
                0x0000dfdc                maintain_connection
 .text.btn_a_init
                0x0000e0c0       0x20 app/libapp.a(main.c.obj)
                0x0000e0c0                btn_a_init
 .text.btn_a_toggle
                0x0000e0e0       0x40 app/libapp.a(main.c.obj)
                0x0000e0e0                btn_a_toggle
 .text.btn_b_init
                0x0000e120       0x20 app/libapp.a(main.c.obj)
                0x0000e120                btn_b_init
 .text.btn_b_toggle
                0x0000e140       0x40 app/libapp.a(main.c.obj)
                0x0000e140                btn_b_toggle
 .text.update_battery_life
                0x0000e180       0x7c app/libapp.a(main.c.obj)
                0x0000e180                update_battery_life
 .text.main     0x0000e1fc      0xa84 app/libapp.a(main.c.obj)
                0x0000e1fc                main
 .text.TOGGLE_VCOM
                0x0000ec80       0x14 app/libapp.a(LS013B7DH05_library.c.obj)
                0x0000ec80                TOGGLE_VCOM
 .text.spi_init
                0x0000ec94       0x28 app/libapp.a(LS013B7DH05_library.c.obj)
                0x0000ec94                spi_init
 .text.dispBegin
                0x0000ecbc       0x80 app/libapp.a(LS013B7DH05_library.c.obj)
                0x0000ecbc                dispBegin
 .text.send_byte
                0x0000ed3c       0x34 app/libapp.a(LS013B7DH05_library.c.obj)
                0x0000ed3c                send_byte
 .text.clearDisplay
                0x0000ed70       0x3c app/libapp.a(LS013B7DH05_library.c.obj)
                0x0000ed70                clearDisplay
 .text.write_line
                0x0000edac       0x60 app/libapp.a(LS013B7DH05_library.c.obj)
                0x0000edac                write_line
 .text.small_print
                0x0000ee0c       0xf8 app/libapp.a(LS013B7DH05_library.c.obj)
                0x0000ee0c                small_print
 .text.medium_print
                0x0000ef04       0xf8 app/libapp.a(LS013B7DH05_library.c.obj)
                0x0000ef04                medium_print
 .text.large_print
                0x0000effc       0xf8 app/libapp.a(LS013B7DH05_library.c.obj)
                0x0000effc                large_print
 .text.init_MT15
                0x0000f0f4       0x4c app/libapp.a(MT15_library.c.obj)
                0x0000f0f4                init_MT15
 .text.init_elva_gpio
                0x0000f140       0xa4 app/libapp.a(elva_initializer.c.obj)
                0x0000f140                init_elva_gpio
 .text.vibrate  0x0000f1e4       0x10 app/libapp.a(elva_initializer.c.obj)
                0x0000f1e4                vibrate
 .text.init_elva_i2c
                0x0000f1f4       0x8c app/libapp.a(elva_initializer.c.obj)
                0x0000f1f4                init_elva_i2c
 .text.write_command
                0x0000f280       0x44 app/libapp.a(BQ27441_library.c.obj)
                0x0000f280                write_command
 .text.read_command
                0x0000f2c4       0x50 app/libapp.a(BQ27441_library.c.obj)
                0x0000f2c4                read_command
 .text.bat_voltage
                0x0000f314       0x10 app/libapp.a(BQ27441_library.c.obj)
                0x0000f314                bat_voltage
 .text.bat_FCC  0x0000f324       0x10 app/libapp.a(BQ27441_library.c.obj)
                0x0000f324                bat_FCC
 .text.bat_SOC  0x0000f334       0x10 app/libapp.a(BQ27441_library.c.obj)
                0x0000f334                bat_SOC
 .text.bat_SOCUF
                0x0000f344       0x10 app/libapp.a(BQ27441_library.c.obj)
                0x0000f344                bat_SOCUF
 .text.bat_AverageCurrent
                0x0000f354       0x10 app/libapp.a(BQ27441_library.c.obj)
                0x0000f354                bat_AverageCurrent
 .text.bat_OpConfig
                0x0000f364       0x10 app/libapp.a(BQ27441_library.c.obj)
                0x0000f364                bat_OpConfig
 .text.blockDataControl
                0x0000f374       0x28 app/libapp.a(BQ27441_library.c.obj)
                0x0000f374                blockDataControl
 .text.blockDataClass
                0x0000f39c       0x28 app/libapp.a(BQ27441_library.c.obj)
                0x0000f39c                blockDataClass
 .text.blockDataChecksum
                0x0000f3c4       0x14 app/libapp.a(BQ27441_library.c.obj)
                0x0000f3c4                blockDataChecksum
 .text.writeBlockData
                0x0000f3d8       0x28 app/libapp.a(BQ27441_library.c.obj)
                0x0000f3d8                writeBlockData
 .text.computeBlockCheckSum
                0x0000f400       0x58 app/libapp.a(BQ27441_library.c.obj)
                0x0000f400                computeBlockCheckSum
 .text.writeBlockChecksum
                0x0000f458       0x28 app/libapp.a(BQ27441_library.c.obj)
                0x0000f458                writeBlockChecksum
 .text.flags    0x0000f480       0x10 app/libapp.a(BQ27441_library.c.obj)
                0x0000f480                flags
 .text.status   0x0000f490        0xc app/libapp.a(BQ27441_library.c.obj)
                0x0000f490                status
 .text.exitConfig
                0x0000f49c       0x50 app/libapp.a(BQ27441_library.c.obj)
                0x0000f49c                exitConfig
 .text.enterConfig
                0x0000f4ec       0x54 app/libapp.a(BQ27441_library.c.obj)
                0x0000f4ec                enterConfig
 .text.writeExtendedData
                0x0000f540       0x7c app/libapp.a(BQ27441_library.c.obj)
                0x0000f540                writeExtendedData
 .text.unpack   0x0000f5bc      0x268 app/libapp.a(medication_reminder.c.obj)
                0x0000f5bc                unpack
 .text.evaluate_med_list
                0x0000f824      0x194 app/libapp.a(medication_reminder.c.obj)
                0x0000f824                evaluate_med_list
 .text.z_sys_mem_pool_block_free
                0x0000f9b8      0x1a8 zephyr/libzephyr.a(mempool.c.obj)
                0x0000f9b8                z_sys_mem_pool_block_free
 .text.char_out
                0x0000fb60       0x10 zephyr/libzephyr.a(printk.c.obj)
 .text._printk_dec_ulong
                0x0000fb70       0x9c zephyr/libzephyr.a(printk.c.obj)
 .text.__printk_hook_install
                0x0000fc0c        0xc zephyr/libzephyr.a(printk.c.obj)
                0x0000fc0c                __printk_hook_install
 .text.vprintk  0x0000fc18       0x20 zephyr/libzephyr.a(printk.c.obj)
                0x0000fc18                vprintk
 .text.nordicsemi_nrf91_init
                0x0000fc38       0x28 zephyr/libzephyr.a(soc.c.obj)
 .text.z_arch_busy_wait
                0x0000fc60       0x14 zephyr/libzephyr.a(soc.c.obj)
                0x0000fc60                z_arch_busy_wait
 .text.SystemInit
                0x0000fc74       0x2c zephyr/libzephyr.a(system_nrf9160.c.obj)
                0x0000fc74                SystemInit
 .text.nrf_gpio_pin_port_decode.isra.0.part.1
                0x0000fca0       0x2c zephyr/libzephyr.a(nrfx_spim.c.obj)
 .text.nrf_gpio_pin_clear
                0x0000fccc       0x1c zephyr/libzephyr.a(nrfx_spim.c.obj)
 .text.nrf_gpio_pin_set
                0x0000fce8       0x1c zephyr/libzephyr.a(nrfx_spim.c.obj)
 .text.nrfx_spim_init
                0x0000fd04      0x1a0 zephyr/libzephyr.a(nrfx_spim.c.obj)
                0x0000fd04                nrfx_spim_init
 .text.nrfx_spim_xfer
                0x0000fea4      0x1bc zephyr/libzephyr.a(nrfx_spim.c.obj)
                0x0000fea4                nrfx_spim_xfer
 .text.nrfx_spim_3_irq_handler
                0x00010060       0x70 zephyr/libzephyr.a(nrfx_spim.c.obj)
                0x00010060                nrfx_spim_3_irq_handler
 .text.nrf_gpio_pin_port_decode.isra.0
                0x000100d0       0x34 zephyr/libzephyr.a(nrfx_twim.c.obj)
 .text.nrfx_twim_init
                0x00010104       0xe4 zephyr/libzephyr.a(nrfx_twim.c.obj)
                0x00010104                nrfx_twim_init
 .text.nrfx_twim_enable
                0x000101e8       0x54 zephyr/libzephyr.a(nrfx_twim.c.obj)
                0x000101e8                nrfx_twim_enable
 .text.nrfx_twim_disable
                0x0001023c       0x6c zephyr/libzephyr.a(nrfx_twim.c.obj)
                0x0001023c                nrfx_twim_disable
 .text.nrfx_twim_xfer
                0x000102a8      0x370 zephyr/libzephyr.a(nrfx_twim.c.obj)
                0x000102a8                nrfx_twim_xfer
 .text.nrfx_twim_2_irq_handler
                0x00010618      0x150 zephyr/libzephyr.a(nrfx_twim.c.obj)
                0x00010618                nrfx_twim_2_irq_handler
 .text.socket_offload_register
                0x00010768       0x4c zephyr/libzephyr.a(socket_offload.c.obj)
                0x00010768                socket_offload_register
 .text.sys_rand32_get
                0x000107b4       0x28 zephyr/libzephyr.a(rand32_timer.c.obj)
                0x000107b4                sys_rand32_get
 .text.console_out
                0x000107dc       0x28 zephyr/libzephyr.a(uart_console.c.obj)
 .text.uart_console_hook_install
                0x00010804       0x18 zephyr/libzephyr.a(uart_console.c.obj)
                0x00010804                uart_console_hook_install
 .text.uart_console_init
                0x0001081c       0x1c zephyr/libzephyr.a(uart_console.c.obj)
 .text.m16src_stop
                0x00010838       0x74 zephyr/libzephyr.a(nrf_power_clock.c.obj)
 .text.k32src_start
                0x000108ac       0x68 zephyr/libzephyr.a(nrf_power_clock.c.obj)
 .text.nrf_power_clock_isr
                0x00010914       0x94 zephyr/libzephyr.a(nrf_power_clock.c.obj)
                0x00010914                nrf_power_clock_isr
 .text.m16src_start
                0x000109a8       0xf4 zephyr/libzephyr.a(nrf_power_clock.c.obj)
 .text.z_clock_isr
                0x00010a9c       0x28 zephyr/libzephyr.a(sys_clock_init.c.obj)
                0x00010a9c                z_clock_isr
 .text.rtc1_nrf_isr
                0x00010ac4       0xb8 zephyr/libzephyr.a(nrf_rtc_timer.c.obj)
                0x00010ac4                rtc1_nrf_isr
 .text.z_clock_driver_init
                0x00010b7c       0x80 zephyr/libzephyr.a(nrf_rtc_timer.c.obj)
                0x00010b7c                z_clock_driver_init
 .text.z_clock_set_timeout
                0x00010bfc       0xd4 zephyr/libzephyr.a(nrf_rtc_timer.c.obj)
                0x00010bfc                z_clock_set_timeout
 .text.z_clock_elapsed
                0x00010cd0       0x9c zephyr/libzephyr.a(nrf_rtc_timer.c.obj)
                0x00010cd0                z_clock_elapsed
 .text.z_timer_cycle_get_32
                0x00010d6c       0xa0 zephyr/libzephyr.a(nrf_rtc_timer.c.obj)
                0x00010d6c                z_timer_cycle_get_32
 .text._HandlerModeExit
                0x00010e0c       0x1c zephyr/arch/arm/core/libarch__arm__core.a(exc_exit.S.obj)
                0x00010e0c                _IntExit
                0x00010e0c                z_ExcExit
 .text.__pendsv
                0x00010e28       0xb0 zephyr/arch/arm/core/libarch__arm__core.a(swap_helper.S.obj)
                0x00010e28                __pendsv
 .text.__svc    0x00010ed8       0x24 zephyr/arch/arm/core/libarch__arm__core.a(swap_helper.S.obj)
                0x00010ed8                __svc
 .text.z_CpuIdleInit
                0x00010efc        0xc zephyr/arch/arm/core/libarch__arm__core.a(cpu_idle.S.obj)
                0x00010efc                z_CpuIdleInit
 .text.k_cpu_idle
                0x00010f08        0xc zephyr/arch/arm/core/libarch__arm__core.a(cpu_idle.S.obj)
                0x00010f08                k_cpu_idle
 .text.__fault  0x00010f14       0x24 zephyr/arch/arm/core/libarch__arm__core.a(fault_s.S.obj)
                0x00010f14                __reserved
                0x00010f14                __bus_fault
                0x00010f14                __debug_monitor
                0x00010f14                __mpu_fault
                0x00010f14                __hard_fault
                0x00010f14                __usage_fault
 .text._isr_wrapper
                0x00010f38       0x40 zephyr/arch/arm/core/libarch__arm__core.a(isr_wrapper.S.obj)
                0x00010f38                _isr_wrapper
 .text.z_IntLibInit
                0x00010f78       0x18 zephyr/arch/arm/core/libarch__arm__core.a(irq_init.c.obj)
                0x00010f78                z_IntLibInit
 .text.__swap   0x00010f90       0x34 zephyr/arch/arm/core/libarch__arm__core.a(swap.c.obj)
                0x00010f90                __swap
 .text.BusFault.isra.2
                0x00010fc4       0xa0 zephyr/arch/arm/core/libarch__arm__core.a(fault.c.obj)
 .text.UsageFault.isra.3
                0x00011064       0x98 zephyr/arch/arm/core/libarch__arm__core.a(fault.c.obj)
 .text.MpuFault.isra.6
                0x000110fc       0xc4 zephyr/arch/arm/core/libarch__arm__core.a(fault.c.obj)
 .text._Fault   0x000111c0       0xe8 zephyr/arch/arm/core/libarch__arm__core.a(fault.c.obj)
                0x000111c0                _Fault
 .text.z_FaultInit
                0x000112a8       0x10 zephyr/arch/arm/core/libarch__arm__core.a(fault.c.obj)
                0x000112a8                z_FaultInit
 .text.z_arch_irq_enable
                0x000112b8       0x20 zephyr/arch/arm/core/libarch__arm__core.a(irq_manage.c.obj)
                0x000112b8                z_arch_irq_enable
 .text.z_arch_irq_disable
                0x000112d8       0x28 zephyr/arch/arm/core/libarch__arm__core.a(irq_manage.c.obj)
                0x000112d8                z_arch_irq_disable
 .text.z_irq_priority_set
                0x00011300       0x64 zephyr/arch/arm/core/libarch__arm__core.a(irq_manage.c.obj)
                0x00011300                z_irq_priority_set
 .text._arch_isr_direct_pm
                0x00011364       0x1c zephyr/arch/arm/core/libarch__arm__core.a(irq_manage.c.obj)
                0x00011364                _arch_isr_direct_pm
 .text.z_new_thread
                0x00011380       0xa4 zephyr/arch/arm/core/libarch__arm__core.a(thread.c.obj)
                0x00011380                z_new_thread
 .text.z_NanoFatalErrorHandler
                0x00011424       0x64 zephyr/arch/arm/core/libarch__arm__core.a(fatal.c.obj)
                0x00011424                z_NanoFatalErrorHandler
 .text.z_SysFatalErrorHandler
                0x00011488       0x58 zephyr/arch/arm/core/libarch__arm__core.a(sys_fatal_error_handler.c.obj)
                0x00011488                z_SysFatalErrorHandler
 .text.z_impl_k_thread_abort
                0x000114e0       0x7c zephyr/arch/arm/core/libarch__arm__core.a(thread_abort.c.obj)
                0x000114e0                z_impl_k_thread_abort
 .text._reset_section
                0x0001155c       0x30 zephyr/arch/arm/core/cortex_m/libarch__arm__core__cortex_m.a(reset.S.obj)
                0x0001155c                __start
                0x0001155c                __reset
 .text.z_SysNmiOnReset
                0x0001158c        0x8 zephyr/arch/arm/core/cortex_m/libarch__arm__core__cortex_m.a(nmi_on_reset.S.obj)
                0x0001158c                z_SysNmiOnReset
 .text._PrepC   0x00011594       0x50 zephyr/arch/arm/core/cortex_m/libarch__arm__core__cortex_m.a(prep_c.c.obj)
                0x00011594                _PrepC
 .text.z_arch_configure_static_mpu_regions
                0x000115e4       0x54 zephyr/arch/arm/core/cortex_m/mpu/libarch__arm__core__cortex_m__mpu.a(arm_core_mpu.c.obj)
                0x000115e4                z_arch_configure_static_mpu_regions
 .text.region_init
                0x00011638       0x30 zephyr/arch/arm/core/cortex_m/mpu/libarch__arm__core__cortex_m__mpu.a(arm_mpu.c.obj)
 .text.mpu_configure_regions.constprop.2
                0x00011668      0x134 zephyr/arch/arm/core/cortex_m/mpu/libarch__arm__core__cortex_m__mpu.a(arm_mpu.c.obj)
 .text.arm_core_mpu_enable
                0x0001179c       0x14 zephyr/arch/arm/core/cortex_m/mpu/libarch__arm__core__cortex_m__mpu.a(arm_mpu.c.obj)
                0x0001179c                arm_core_mpu_enable
 .text.arm_core_mpu_disable
                0x000117b0       0x10 zephyr/arch/arm/core/cortex_m/mpu/libarch__arm__core__cortex_m__mpu.a(arm_mpu.c.obj)
                0x000117b0                arm_core_mpu_disable
 .text.arm_mpu_init
                0x000117c0       0xb0 zephyr/arch/arm/core/cortex_m/mpu/libarch__arm__core__cortex_m__mpu.a(arm_mpu.c.obj)
 .text.arm_core_mpu_configure_static_mpu_regions
                0x00011870       0x48 zephyr/arch/arm/core/cortex_m/mpu/libarch__arm__core__cortex_m__mpu.a(arm_mpu.c.obj)
                0x00011870                arm_core_mpu_configure_static_mpu_regions
 .text.arm_core_mpu_mark_areas_for_dynamic_regions
                0x000118b8       0xd8 zephyr/arch/arm/core/cortex_m/mpu/libarch__arm__core__cortex_m__mpu.a(arm_mpu.c.obj)
                0x000118b8                arm_core_mpu_mark_areas_for_dynamic_regions
 .text.arm_core_mpu_configure_dynamic_mpu_regions
                0x00011990       0x74 zephyr/arch/arm/core/cortex_m/mpu/libarch__arm__core__cortex_m__mpu.a(arm_mpu.c.obj)
                0x00011990                arm_core_mpu_configure_dynamic_mpu_regions
 .text.z_prf    0x00011a04      0x7c8 zephyr/lib/libc/minimal/liblib__libc__minimal.a(prf.c.obj)
                0x00011a04                z_prf
 .text.__stdout_hook_install
                0x000121cc        0xc zephyr/lib/libc/minimal/liblib__libc__minimal.a(stdout_console.c.obj)
                0x000121cc                __stdout_hook_install
 .text.snprintf
                0x000121d8       0x30 zephyr/lib/libc/minimal/liblib__libc__minimal.a(sprintf.c.obj)
                0x000121d8                snprintf
 .text.sprintf  0x00012208       0x30 zephyr/lib/libc/minimal/liblib__libc__minimal.a(sprintf.c.obj)
                0x00012208                sprintf
 .text.net_buf_id
                0x00012238       0x20 zephyr/subsys/net/libsubsys__net.a(buf.c.obj)
                0x00012238                net_buf_id
 .text.fixed_data_alloc
                0x00012258       0x30 zephyr/subsys/net/libsubsys__net.a(buf.c.obj)
 .text.net_context_init
                0x00012288       0x10 zephyr/subsys/net/ip/libsubsys__net__ip.a(net_context.c.obj)
                0x00012288                net_context_init
 .text.net_if_flag_is_set
                0x00012298       0x3c zephyr/subsys/net/ip/libsubsys__net__ip.a(net_if.c.obj)
 .text.net_if_flag_set.constprop.25
                0x000122d4       0x40 zephyr/subsys/net/ip/libsubsys__net__ip.a(net_if.c.obj)
 .text.net_if_up
                0x00012314       0x5c zephyr/subsys/net/ip/libsubsys__net__ip.a(net_if.c.obj)
                0x00012314                net_if_up
 .text.net_if_init
                0x00012370       0x34 zephyr/subsys/net/ip/libsubsys__net__ip.a(net_if.c.obj)
                0x00012370                net_if_init
 .text.net_if_post_init
                0x000123a4       0x30 zephyr/subsys/net/ip/libsubsys__net__ip.a(net_if.c.obj)
                0x000123a4                net_if_post_init
 .text.net_tc_tx_init
                0x000123d4       0x34 zephyr/subsys/net/ip/libsubsys__net__ip.a(net_tc.c.obj)
                0x000123d4                net_tc_tx_init
 .text.net_tc_rx_init
                0x00012408       0x34 zephyr/subsys/net/ip/libsubsys__net__ip.a(net_tc.c.obj)
                0x00012408                net_tc_rx_init
 .text.net_addr_ntop
                0x0001243c      0x1a4 zephyr/subsys/net/ip/libsubsys__net__ip.a(utils.c.obj)
                0x0001243c                net_addr_ntop
 .text.connect_request_encode
                0x000125e0      0x100 zephyr/subsys/net/lib/mqtt/libsubsys__net__lib__mqtt.a(mqtt_encoder.c.obj)
                0x000125e0                connect_request_encode
 .text.disconnect_encode
                0x000126e0       0x2c zephyr/subsys/net/lib/mqtt/libsubsys__net__lib__mqtt.a(mqtt_encoder.c.obj)
                0x000126e0                disconnect_encode
 .text.ping_request_encode
                0x0001270c       0x2c zephyr/subsys/net/lib/mqtt/libsubsys__net__lib__mqtt.a(mqtt_encoder.c.obj)
                0x0001270c                ping_request_encode
 .text.close    0x00012738       0x58 zephyr/subsys/net/lib/mqtt/libsubsys__net__lib__mqtt.a(mqtt_transport_socket_tcp.c.obj)
 .text.mqtt_client_tcp_connect
                0x00012790       0xd4 zephyr/subsys/net/lib/mqtt/libsubsys__net__lib__mqtt.a(mqtt_transport_socket_tcp.c.obj)
                0x00012790                mqtt_client_tcp_connect
 .text.mqtt_client_tcp_write
                0x00012864       0x98 zephyr/subsys/net/lib/mqtt/libsubsys__net__lib__mqtt.a(mqtt_transport_socket_tcp.c.obj)
                0x00012864                mqtt_client_tcp_write
 .text.mqtt_client_tcp_read
                0x000128fc       0x7c zephyr/subsys/net/lib/mqtt/libsubsys__net__lib__mqtt.a(mqtt_transport_socket_tcp.c.obj)
                0x000128fc                mqtt_client_tcp_read
 .text.mqtt_transport_connect
                0x00012978       0x10 zephyr/subsys/net/lib/mqtt/libsubsys__net__lib__mqtt.a(mqtt_transport.c.obj)
                0x00012978                mqtt_transport_connect
 .text.mqtt_transport_write
                0x00012988       0x18 zephyr/subsys/net/lib/mqtt/libsubsys__net__lib__mqtt.a(mqtt_transport.c.obj)
                0x00012988                mqtt_transport_write
 .text.mqtt_transport_read
                0x000129a0       0x18 zephyr/subsys/net/lib/mqtt/libsubsys__net__lib__mqtt.a(mqtt_transport.c.obj)
                0x000129a0                mqtt_transport_read
 .text.mqtt_mutex_unlock
                0x000129b8       0x58 zephyr/subsys/net/lib/mqtt/libsubsys__net__lib__mqtt.a(mqtt.c.obj)
 .text.mqtt_mutex_lock
                0x00012a10       0x40 zephyr/subsys/net/lib/mqtt/libsubsys__net__lib__mqtt.a(mqtt.c.obj)
 .text.mqtt_live
                0x00012a50       0x4c zephyr/subsys/net/lib/mqtt/libsubsys__net__lib__mqtt.a(mqtt.c.obj)
                0x00012a50                mqtt_live
 .text.gpio_nrfx_manage_callback
                0x00012a9c       0xac zephyr/drivers/gpio/libdrivers__gpio.a(gpio_nrfx.c.obj)
 .text.nrf_gpio_pin_port_decode.isra.6.part.7
                0x00012b48       0x2c zephyr/drivers/gpio/libdrivers__gpio.a(gpio_nrfx.c.obj)
 .text.nrf_gpio_cfg_sense_set
                0x00012b74       0x34 zephyr/drivers/gpio/libdrivers__gpio.a(gpio_nrfx.c.obj)
 .text.gpiote_pin_int_cfg
                0x00012ba8      0x13c zephyr/drivers/gpio/libdrivers__gpio.a(gpio_nrfx.c.obj)
 .text.gpio_nrfx_init
                0x00012ce4       0x30 zephyr/drivers/gpio/libdrivers__gpio.a(gpio_nrfx.c.obj)
 .text.gpio_nrfx_config
                0x00012d14      0x134 zephyr/drivers/gpio/libdrivers__gpio.a(gpio_nrfx.c.obj)
 .text.gpiote_event_handler
                0x00012e48      0x170 zephyr/drivers/gpio/libdrivers__gpio.a(gpio_nrfx.c.obj)
 .text.event_handler
                0x00012fb8       0x38 zephyr/drivers/i2c/libdrivers__i2c.a(i2c_nrfx_twim.c.obj)
 .text.twim_2_init
                0x00012ff0       0x44 zephyr/drivers/i2c/libdrivers__i2c.a(i2c_nrfx_twim.c.obj)
 .text.i2c_nrfx_twim_transfer
                0x00013034       0xc0 zephyr/drivers/i2c/libdrivers__i2c.a(i2c_nrfx_twim.c.obj)
 .text.spi_3_init
                0x000130f4       0x64 zephyr/drivers/spi/libdrivers__spi.a(spi_nrfx_spim.c.obj)
 .text.transfer_next_chunk
                0x00013158       0x8c zephyr/drivers/spi/libdrivers__spi.a(spi_nrfx_spim.c.obj)
 .text.spi_nrfx_transceive
                0x000131e4      0x1a0 zephyr/drivers/spi/libdrivers__spi.a(spi_nrfx_spim.c.obj)
 .text.uarte_nrfx_configure
                0x00013384      0x160 zephyr/drivers/serial/libdrivers__serial.a(uart_nrfx_uarte.c.obj)
 .text.nrf_gpio_pin_port_decode.isra.3.part.4
                0x000134e4       0x2c zephyr/drivers/serial/libdrivers__serial.a(uart_nrfx_uarte.c.obj)
 .text.uarte_instance_init.constprop.5
                0x00013510       0xfc zephyr/drivers/serial/libdrivers__serial.a(uart_nrfx_uarte.c.obj)
 .text.uarte_1_init
                0x0001360c       0x30 zephyr/drivers/serial/libdrivers__serial.a(uart_nrfx_uarte.c.obj)
 .text.uarte_0_init
                0x0001363c       0x30 zephyr/drivers/serial/libdrivers__serial.a(uart_nrfx_uarte.c.obj)
 .text.thread_monitor_entry_get
                0x0001366c       0x44 zephyr/modules/nrf/lib/bsdlib/lib..__nrf__lib__bsdlib.a(bsd_os.c.obj)
 .text.rpc_proxy_irq_handler
                0x000136b0       0x4c zephyr/modules/nrf/lib/bsdlib/lib..__nrf__lib__bsdlib.a(bsd_os.c.obj)
                0x000136b0                rpc_proxy_irq_handler
 .text.bsd_os_timedwait
                0x000136fc      0x124 zephyr/modules/nrf/lib/bsdlib/lib..__nrf__lib__bsdlib.a(bsd_os.c.obj)
                0x000136fc                bsd_os_timedwait
 .text.bsd_os_application_irq_set
                0x00013820       0x10 zephyr/modules/nrf/lib/bsdlib/lib..__nrf__lib__bsdlib.a(bsd_os.c.obj)
                0x00013820                bsd_os_application_irq_set
 .text.bsd_os_application_irq_clear
                0x00013830       0x10 zephyr/modules/nrf/lib/bsdlib/lib..__nrf__lib__bsdlib.a(bsd_os.c.obj)
                0x00013830                bsd_os_application_irq_clear
 .text.bsd_os_trace_irq_set
                0x00013840       0x10 zephyr/modules/nrf/lib/bsdlib/lib..__nrf__lib__bsdlib.a(bsd_os.c.obj)
                0x00013840                bsd_os_trace_irq_set
 .text.bsd_os_trace_irq_clear
                0x00013850       0x10 zephyr/modules/nrf/lib/bsdlib/lib..__nrf__lib__bsdlib.a(bsd_os.c.obj)
                0x00013850                bsd_os_trace_irq_clear
 .text.bsd_os_init
                0x00013860       0x2c zephyr/modules/nrf/lib/bsdlib/lib..__nrf__lib__bsdlib.a(bsd_os.c.obj)
                0x00013860                bsd_os_init
 .text.nrf91_socket_iface_init
                0x0001388c       0x1c zephyr/modules/nrf/lib/bsdlib/lib..__nrf__lib__bsdlib.a(nrf91_sockets.c.obj)
 .text.z_to_nrf_optname
                0x000138a8       0x70 zephyr/modules/nrf/lib/bsdlib/lib..__nrf__lib__bsdlib.a(nrf91_sockets.c.obj)
 .text.write_uart_string
                0x00013918       0x20 zephyr/modules/nrf/lib/at_host/lib..__nrf__lib__at_host.a(at_host.c.obj)
 .text.cmd_send
                0x00013938       0x98 zephyr/modules/nrf/lib/at_host/lib..__nrf__lib__at_host.a(at_host.c.obj)
 .text.at_host_init
                0x000139d0       0x74 zephyr/modules/nrf/lib/at_host/lib..__nrf__lib__at_host.a(at_host.c.obj)
 .text.isr      0x00013a44      0x110 zephyr/modules/nrf/lib/at_host/lib..__nrf__lib__at_host.a(at_host.c.obj)
 .text.close    0x00013b54       0x58 zephyr/modules/nrf/drivers/at_cmd/lib..__nrf__drivers__at_cmd.a(at_cmd.c.obj)
 .text.open_socket
                0x00013bac       0x74 zephyr/modules/nrf/drivers/at_cmd/lib..__nrf__drivers__at_cmd.a(at_cmd.c.obj)
 .text.at_write
                0x00013c20       0xa0 zephyr/modules/nrf/drivers/at_cmd/lib..__nrf__drivers__at_cmd.a(at_cmd.c.obj)
 .text.at_cmd_init
                0x00013cc0       0x40 zephyr/modules/nrf/drivers/at_cmd/lib..__nrf__drivers__at_cmd.a(at_cmd.c.obj)
 .text.socket_thread_fn
                0x00013d00      0x230 zephyr/modules/nrf/drivers/at_cmd/lib..__nrf__drivers__at_cmd.a(at_cmd.c.obj)
 .text.at_cmd_write
                0x00013f30       0x44 zephyr/modules/nrf/drivers/at_cmd/lib..__nrf__drivers__at_cmd.a(at_cmd.c.obj)
                0x00013f30                at_cmd_write
 .text.at_cmd_set_notification_handler
                0x00013f74       0x28 zephyr/modules/nrf/drivers/at_cmd/lib..__nrf__drivers__at_cmd.a(at_cmd.c.obj)
                0x00013f74                at_cmd_set_notification_handler
 .text.at_handler
                0x00013f9c       0x5c zephyr/modules/nrf/drivers/lte_link_control/lib..__nrf__drivers__lte_link_control.a(lte_lc.c.obj)
                0x00013f9c                at_handler
 .text.w_lte_lc_init_and_connect
                0x00013ff8       0x74 zephyr/modules/nrf/drivers/lte_link_control/lib..__nrf__drivers__lte_link_control.a(lte_lc.c.obj)
 .text.dfu_client_event_handler
                0x0001406c        0xc C:/nRFsdk/ncs/nrfxlib/bsdlib/lib/cortex-m33/hard-float/libbsd_nrf9160_xxaa.a(rpc_dfu_client.c.o)
 .text.rpc_dfu_client_init
                0x00014078        0xc C:/nRFsdk/ncs/nrfxlib/bsdlib/lib/cortex-m33/hard-float/libbsd_nrf9160_xxaa.a(rpc_dfu_client.c.o)
                0x00014078                rpc_dfu_client_init
 .text.rpc_dfu_client_request_alloc
                0x00014084       0x28 C:/nRFsdk/ncs/nrfxlib/bsdlib/lib/cortex-m33/hard-float/libbsd_nrf9160_xxaa.a(rpc_dfu_client.c.o)
                0x00014084                rpc_dfu_client_request_alloc
 .text.rpc_dfu_client_request_send
                0x000140ac       0x28 C:/nRFsdk/ncs/nrfxlib/bsdlib/lib/cortex-m33/hard-float/libbsd_nrf9160_xxaa.a(rpc_dfu_client.c.o)
                0x000140ac                rpc_dfu_client_request_send
 .text.rpc_dfu_client_message_free
                0x000140d4       0x10 C:/nRFsdk/ncs/nrfxlib/bsdlib/lib/cortex-m33/hard-float/libbsd_nrf9160_xxaa.a(rpc_dfu_client.c.o)
                0x000140d4                rpc_dfu_client_message_free
 .text.rpc_dfu_client_data_free
                0x000140e4       0x10 C:/nRFsdk/ncs/nrfxlib/bsdlib/lib/cortex-m33/hard-float/libbsd_nrf9160_xxaa.a(rpc_dfu_client.c.o)
                0x000140e4                rpc_dfu_client_data_free
 .text.mem_free
                0x000140f4       0xd8 C:/nRFsdk/ncs/nrfxlib/bsdlib/lib/cortex-m33/hard-float/libbsd_nrf9160_xxaa.a(mem_manager.c.o)
 .text.mem_alloc.constprop.5
                0x000141cc      0x1c8 C:/nRFsdk/ncs/nrfxlib/bsdlib/lib/cortex-m33/hard-float/libbsd_nrf9160_xxaa.a(mem_manager.c.o)
 .text.mem_alloc.constprop.4
                0x00014394      0x1c0 C:/nRFsdk/ncs/nrfxlib/bsdlib/lib/cortex-m33/hard-float/libbsd_nrf9160_xxaa.a(mem_manager.c.o)
 .text.nrf_mem_init
                0x00014554       0xe8 C:/nRFsdk/ncs/nrfxlib/bsdlib/lib/cortex-m33/hard-float/libbsd_nrf9160_xxaa.a(mem_manager.c.o)
                0x00014554                nrf_mem_init
 .text.nrf_mem_register
                0x0001463c      0x234 C:/nRFsdk/ncs/nrfxlib/bsdlib/lib/cortex-m33/hard-float/libbsd_nrf9160_xxaa.a(mem_manager.c.o)
                0x0001463c                nrf_mem_register
 .text.nrf_malloc
                0x00014870       0x14 C:/nRFsdk/ncs/nrfxlib/bsdlib/lib/cortex-m33/hard-float/libbsd_nrf9160_xxaa.a(mem_manager.c.o)
                0x00014870                nrf_malloc
 .text.nrf_calloc
                0x00014884       0x28 C:/nRFsdk/ncs/nrfxlib/bsdlib/lib/cortex-m33/hard-float/libbsd_nrf9160_xxaa.a(mem_manager.c.o)
                0x00014884                nrf_calloc
 .text.nrf_free
                0x000148ac       0x18 C:/nRFsdk/ncs/nrfxlib/bsdlib/lib/cortex-m33/hard-float/libbsd_nrf9160_xxaa.a(mem_manager.c.o)
                0x000148ac                nrf_free
 .text.nrf_shared_malloc
                0x000148c4       0x14 C:/nRFsdk/ncs/nrfxlib/bsdlib/lib/cortex-m33/hard-float/libbsd_nrf9160_xxaa.a(mem_manager.c.o)
                0x000148c4                nrf_shared_malloc
 .text.nrf_shared_free
                0x000148d8       0x18 C:/nRFsdk/ncs/nrfxlib/bsdlib/lib/cortex-m33/hard-float/libbsd_nrf9160_xxaa.a(mem_manager.c.o)
                0x000148d8                nrf_shared_free
 .text.mbedtls_aes_init
                0x000148f0        0xc C:/nRFsdk/ncs/nrfxlib/bsdlib/lib/cortex-m33/hard-float/libbsd_nrf9160_xxaa.a(aes.c.o)
                0x000148f0                mbedtls_aes_init
 .text.mbedtls_aes_free
                0x000148fc        0xc C:/nRFsdk/ncs/nrfxlib/bsdlib/lib/cortex-m33/hard-float/libbsd_nrf9160_xxaa.a(aes.c.o)
                0x000148fc                mbedtls_aes_free
 .text.mbedtls_aes_setkey_enc
                0x00014908      0x6ac C:/nRFsdk/ncs/nrfxlib/bsdlib/lib/cortex-m33/hard-float/libbsd_nrf9160_xxaa.a(aes.c.o)
                0x00014908                mbedtls_aes_setkey_enc
 .text.mbedtls_internal_aes_encrypt
                0x00014fb4      0x46c C:/nRFsdk/ncs/nrfxlib/bsdlib/lib/cortex-m33/hard-float/libbsd_nrf9160_xxaa.a(aes.c.o)
                0x00014fb4                mbedtls_internal_aes_encrypt
 .text.mbedtls_internal_aes_decrypt
                0x00015420      0x454 C:/nRFsdk/ncs/nrfxlib/bsdlib/lib/cortex-m33/hard-float/libbsd_nrf9160_xxaa.a(aes.c.o)
                0x00015420                mbedtls_internal_aes_decrypt
 .text.mbedtls_aes_crypt_ecb
                0x00015874       0x1c C:/nRFsdk/ncs/nrfxlib/bsdlib/lib/cortex-m33/hard-float/libbsd_nrf9160_xxaa.a(aes.c.o)
                0x00015874                mbedtls_aes_crypt_ecb
 .text.mbedtls_asn1_write_len.part.0
                0x00015890       0xc0 C:/nRFsdk/ncs/nrfxlib/bsdlib/lib/cortex-m33/hard-float/libbsd_nrf9160_xxaa.a(asn1write.c.o)
 .text.mbedtls_asn1_write_len
                0x00015950       0xf4 C:/nRFsdk/ncs/nrfxlib/bsdlib/lib/cortex-m33/hard-float/libbsd_nrf9160_xxaa.a(asn1write.c.o)
                0x00015950                mbedtls_asn1_write_len
 .text.mbedtls_asn1_write_tag
                0x00015a44       0x1c C:/nRFsdk/ncs/nrfxlib/bsdlib/lib/cortex-m33/hard-float/libbsd_nrf9160_xxaa.a(asn1write.c.o)
                0x00015a44                mbedtls_asn1_write_tag
 .text.mbedtls_asn1_write_oid
                0x00015a60       0x90 C:/nRFsdk/ncs/nrfxlib/bsdlib/lib/cortex-m33/hard-float/libbsd_nrf9160_xxaa.a(asn1write.c.o)
                0x00015a60                mbedtls_asn1_write_oid
 .text.mbedtls_asn1_write_algorithm_identifier
                0x00015af0      0x12c C:/nRFsdk/ncs/nrfxlib/bsdlib/lib/cortex-m33/hard-float/libbsd_nrf9160_xxaa.a(asn1write.c.o)
                0x00015af0                mbedtls_asn1_write_algorithm_identifier
 .text.mbedtls_base64_encode
                0x00015c1c      0x120 C:/nRFsdk/ncs/nrfxlib/bsdlib/lib/cortex-m33/hard-float/libbsd_nrf9160_xxaa.a(base64.c.o)
                0x00015c1c                mbedtls_base64_encode
 .text.mpi_mul_hlp
                0x00015d3c      0x5d4 C:/nRFsdk/ncs/nrfxlib/bsdlib/lib/cortex-m33/hard-float/libbsd_nrf9160_xxaa.a(bignum.c.o)
 .text.mbedtls_mpi_cmp_mpi.constprop.6
                0x00016310       0x84 C:/nRFsdk/ncs/nrfxlib/bsdlib/lib/cortex-m33/hard-float/libbsd_nrf9160_xxaa.a(bignum.c.o)
 .text.mbedtls_mpi_init
                0x00016394       0x10 C:/nRFsdk/ncs/nrfxlib/bsdlib/lib/cortex-m33/hard-float/libbsd_nrf9160_xxaa.a(bignum.c.o)
                0x00016394                mbedtls_mpi_init
 .text.mbedtls_mpi_free
                0x000163a4       0x34 C:/nRFsdk/ncs/nrfxlib/bsdlib/lib/cortex-m33/hard-float/libbsd_nrf9160_xxaa.a(bignum.c.o)
                0x000163a4                mbedtls_mpi_free
 .text.mbedtls_mpi_shrink
                0x000163d8       0xc4 C:/nRFsdk/ncs/nrfxlib/bsdlib/lib/cortex-m33/hard-float/libbsd_nrf9160_xxaa.a(bignum.c.o)
                0x000163d8                mbedtls_mpi_shrink
 .text.mbedtls_mpi_copy
                0x0001649c       0xdc C:/nRFsdk/ncs/nrfxlib/bsdlib/lib/cortex-m33/hard-float/libbsd_nrf9160_xxaa.a(bignum.c.o)
                0x0001649c                mbedtls_mpi_copy
 .text.mbedtls_mpi_sub_abs.constprop.8
                0x00016578      0x180 C:/nRFsdk/ncs/nrfxlib/bsdlib/lib/cortex-m33/hard-float/libbsd_nrf9160_xxaa.a(bignum.c.o)
 .text.mbedtls_mpi_safe_cond_assign
                0x000166f8       0xbc C:/nRFsdk/ncs/nrfxlib/bsdlib/lib/cortex-m33/hard-float/libbsd_nrf9160_xxaa.a(bignum.c.o)
                0x000166f8                mbedtls_mpi_safe_cond_assign
 .text.mbedtls_mpi_lset
                0x000167b4       0x74 C:/nRFsdk/ncs/nrfxlib/bsdlib/lib/cortex-m33/hard-float/libbsd_nrf9160_xxaa.a(bignum.c.o)
                0x000167b4                mbedtls_mpi_lset
 .text.mbedtls_mpi_get_bit
                0x00016828       0x20 C:/nRFsdk/ncs/nrfxlib/bsdlib/lib/cortex-m33/hard-float/libbsd_nrf9160_xxaa.a(bignum.c.o)
                0x00016828                mbedtls_mpi_get_bit
 .text.mbedtls_mpi_bitlen
                0x00016848       0x5c C:/nRFsdk/ncs/nrfxlib/bsdlib/lib/cortex-m33/hard-float/libbsd_nrf9160_xxaa.a(bignum.c.o)
                0x00016848                mbedtls_mpi_bitlen
 .text.mbedtls_mpi_size
                0x000168a4       0x60 C:/nRFsdk/ncs/nrfxlib/bsdlib/lib/cortex-m33/hard-float/libbsd_nrf9160_xxaa.a(bignum.c.o)
                0x000168a4                mbedtls_mpi_size
 .text.mbedtls_mpi_read_binary
                0x00016904      0x124 C:/nRFsdk/ncs/nrfxlib/bsdlib/lib/cortex-m33/hard-float/libbsd_nrf9160_xxaa.a(bignum.c.o)
                0x00016904                mbedtls_mpi_read_binary
 .text.mbedtls_mpi_write_binary
                0x00016a28       0xa4 C:/nRFsdk/ncs/nrfxlib/bsdlib/lib/cortex-m33/hard-float/libbsd_nrf9160_xxaa.a(bignum.c.o)
                0x00016a28                mbedtls_mpi_write_binary
 .text.mbedtls_mpi_shift_l
                0x00016acc      0x16c C:/nRFsdk/ncs/nrfxlib/bsdlib/lib/cortex-m33/hard-float/libbsd_nrf9160_xxaa.a(bignum.c.o)
                0x00016acc                mbedtls_mpi_shift_l
 .text.mbedtls_mpi_shift_r
                0x00016c38       0xe0 C:/nRFsdk/ncs/nrfxlib/bsdlib/lib/cortex-m33/hard-float/libbsd_nrf9160_xxaa.a(bignum.c.o)
                0x00016c38                mbedtls_mpi_shift_r
 .text.mbedtls_mpi_cmp_mpi
                0x00016d18       0xd0 C:/nRFsdk/ncs/nrfxlib/bsdlib/lib/cortex-m33/hard-float/libbsd_nrf9160_xxaa.a(bignum.c.o)
                0x00016d18                mbedtls_mpi_cmp_mpi
 .text.mbedtls_mpi_cmp_int
                0x00016de8       0xa8 C:/nRFsdk/ncs/nrfxlib/bsdlib/lib/cortex-m33/hard-float/libbsd_nrf9160_xxaa.a(bignum.c.o)
                0x00016de8                mbedtls_mpi_cmp_int
 .text.mbedtls_mpi_add_abs
                0x00016e90      0x148 C:/nRFsdk/ncs/nrfxlib/bsdlib/lib/cortex-m33/hard-float/libbsd_nrf9160_xxaa.a(bignum.c.o)
                0x00016e90                mbedtls_mpi_add_abs
 .text.mbedtls_mpi_sub_abs
                0x00016fd8      0x180 C:/nRFsdk/ncs/nrfxlib/bsdlib/lib/cortex-m33/hard-float/libbsd_nrf9160_xxaa.a(bignum.c.o)
                0x00016fd8                mbedtls_mpi_sub_abs
 .text.mbedtls_mpi_add_mpi
                0x00017158       0xe8 C:/nRFsdk/ncs/nrfxlib/bsdlib/lib/cortex-m33/hard-float/libbsd_nrf9160_xxaa.a(bignum.c.o)
                0x00017158                mbedtls_mpi_add_mpi
 .text.mbedtls_mpi_sub_mpi
                0x00017240       0xe8 C:/nRFsdk/ncs/nrfxlib/bsdlib/lib/cortex-m33/hard-float/libbsd_nrf9160_xxaa.a(bignum.c.o)
                0x00017240                mbedtls_mpi_sub_mpi
 .text.mbedtls_mpi_sub_int
                0x00017328       0x98 C:/nRFsdk/ncs/nrfxlib/bsdlib/lib/cortex-m33/hard-float/libbsd_nrf9160_xxaa.a(bignum.c.o)
                0x00017328                mbedtls_mpi_sub_int
 .text.mbedtls_mpi_mul_mpi
                0x000173c0      0x1f0 C:/nRFsdk/ncs/nrfxlib/bsdlib/lib/cortex-m33/hard-float/libbsd_nrf9160_xxaa.a(bignum.c.o)
                0x000173c0                mbedtls_mpi_mul_mpi
 .text.mbedtls_mpi_mul_int
                0x000175b0       0x1c C:/nRFsdk/ncs/nrfxlib/bsdlib/lib/cortex-m33/hard-float/libbsd_nrf9160_xxaa.a(bignum.c.o)
                0x000175b0                mbedtls_mpi_mul_int
 .text.mbedtls_mpi_div_mpi
                0x000175cc      0x784 C:/nRFsdk/ncs/nrfxlib/bsdlib/lib/cortex-m33/hard-float/libbsd_nrf9160_xxaa.a(bignum.c.o)
                0x000175cc                mbedtls_mpi_div_mpi
 .text.mbedtls_mpi_mod_mpi
                0x00017d50      0x264 C:/nRFsdk/ncs/nrfxlib/bsdlib/lib/cortex-m33/hard-float/libbsd_nrf9160_xxaa.a(bignum.c.o)
                0x00017d50                mbedtls_mpi_mod_mpi
 .text.mbedtls_mpi_gcd
                0x00017fb4      0x2e4 C:/nRFsdk/ncs/nrfxlib/bsdlib/lib/cortex-m33/hard-float/libbsd_nrf9160_xxaa.a(bignum.c.o)
                0x00017fb4                mbedtls_mpi_gcd
 .text.mbedtls_mpi_fill_random
                0x00018298      0x164 C:/nRFsdk/ncs/nrfxlib/bsdlib/lib/cortex-m33/hard-float/libbsd_nrf9160_xxaa.a(bignum.c.o)
                0x00018298                mbedtls_mpi_fill_random
 .text.mbedtls_mpi_inv_mod
                0x000183fc      0x47c C:/nRFsdk/ncs/nrfxlib/bsdlib/lib/cortex-m33/hard-float/libbsd_nrf9160_xxaa.a(bignum.c.o)
                0x000183fc                mbedtls_mpi_inv_mod
 .text.block_cipher_df
                0x00018878      0x248 C:/nRFsdk/ncs/nrfxlib/bsdlib/lib/cortex-m33/hard-float/libbsd_nrf9160_xxaa.a(ctr_drbg.c.o)
 .text.mbedtls_ctr_drbg_init
                0x00018ac0        0xc C:/nRFsdk/ncs/nrfxlib/bsdlib/lib/cortex-m33/hard-float/libbsd_nrf9160_xxaa.a(ctr_drbg.c.o)
                0x00018ac0                mbedtls_ctr_drbg_init
 .text.mbedtls_ctr_drbg_free
                0x00018acc       0x1c C:/nRFsdk/ncs/nrfxlib/bsdlib/lib/cortex-m33/hard-float/libbsd_nrf9160_xxaa.a(ctr_drbg.c.o)
                0x00018acc                mbedtls_ctr_drbg_free
 .text.mbedtls_ctr_drbg_reseed
                0x00018ae8      0x1dc C:/nRFsdk/ncs/nrfxlib/bsdlib/lib/cortex-m33/hard-float/libbsd_nrf9160_xxaa.a(ctr_drbg.c.o)
                0x00018ae8                mbedtls_ctr_drbg_reseed
 .text.mbedtls_ctr_drbg_seed
                0x00018cc4       0x50 C:/nRFsdk/ncs/nrfxlib/bsdlib/lib/cortex-m33/hard-float/libbsd_nrf9160_xxaa.a(ctr_drbg.c.o)
                0x00018cc4                mbedtls_ctr_drbg_seed
 .text.mbedtls_ctr_drbg_random
                0x00018d14      0x468 C:/nRFsdk/ncs/nrfxlib/bsdlib/lib/cortex-m33/hard-float/libbsd_nrf9160_xxaa.a(ctr_drbg.c.o)
                0x00018d14                mbedtls_ctr_drbg_random
 .text.ecp_modp
                0x0001917c       0x98 C:/nRFsdk/ncs/nrfxlib/bsdlib/lib/cortex-m33/hard-float/libbsd_nrf9160_xxaa.a(ecp.c.o)
 .text.ecp_double_jac
                0x00019214      0x4a0 C:/nRFsdk/ncs/nrfxlib/bsdlib/lib/cortex-m33/hard-float/libbsd_nrf9160_xxaa.a(ecp.c.o)
 .text.ecp_normalize_jac
                0x000196b4       0xd0 C:/nRFsdk/ncs/nrfxlib/bsdlib/lib/cortex-m33/hard-float/libbsd_nrf9160_xxaa.a(ecp.c.o)
 .text.ecp_normalize_jac_many.part.3
                0x00019784      0x220 C:/nRFsdk/ncs/nrfxlib/bsdlib/lib/cortex-m33/hard-float/libbsd_nrf9160_xxaa.a(ecp.c.o)
 .text.mbedtls_ecp_keypair_init
                0x000199a4       0x34 C:/nRFsdk/ncs/nrfxlib/bsdlib/lib/cortex-m33/hard-float/libbsd_nrf9160_xxaa.a(ecp.c.o)
                0x000199a4                mbedtls_ecp_keypair_init
 .text.mbedtls_ecp_group_free
                0x000199d8       0x98 C:/nRFsdk/ncs/nrfxlib/bsdlib/lib/cortex-m33/hard-float/libbsd_nrf9160_xxaa.a(ecp.c.o)
                0x000199d8                mbedtls_ecp_group_free
 .text.mbedtls_ecp_keypair_free
                0x00019a70       0x30 C:/nRFsdk/ncs/nrfxlib/bsdlib/lib/cortex-m33/hard-float/libbsd_nrf9160_xxaa.a(ecp.c.o)
                0x00019a70                mbedtls_ecp_keypair_free
 .text.mbedtls_ecp_set_zero
                0x00019aa0       0x2c C:/nRFsdk/ncs/nrfxlib/bsdlib/lib/cortex-m33/hard-float/libbsd_nrf9160_xxaa.a(ecp.c.o)
                0x00019aa0                mbedtls_ecp_set_zero
 .text.ecp_add_mixed
                0x00019acc      0x448 C:/nRFsdk/ncs/nrfxlib/bsdlib/lib/cortex-m33/hard-float/libbsd_nrf9160_xxaa.a(ecp.c.o)
 .text.ecp_mul_comb
                0x00019f14      0x76c C:/nRFsdk/ncs/nrfxlib/bsdlib/lib/cortex-m33/hard-float/libbsd_nrf9160_xxaa.a(ecp.c.o)
 .text.mbedtls_ecp_point_write_binary
                0x0001a680       0xa4 C:/nRFsdk/ncs/nrfxlib/bsdlib/lib/cortex-m33/hard-float/libbsd_nrf9160_xxaa.a(ecp.c.o)
                0x0001a680                mbedtls_ecp_point_write_binary
 .text.mbedtls_ecp_point_read_binary
                0x0001a724       0x94 C:/nRFsdk/ncs/nrfxlib/bsdlib/lib/cortex-m33/hard-float/libbsd_nrf9160_xxaa.a(ecp.c.o)
                0x0001a724                mbedtls_ecp_point_read_binary
 .text.mbedtls_ecp_check_pubkey
                0x0001a7b8      0x1a8 C:/nRFsdk/ncs/nrfxlib/bsdlib/lib/cortex-m33/hard-float/libbsd_nrf9160_xxaa.a(ecp.c.o)
                0x0001a7b8                mbedtls_ecp_check_pubkey
 .text.mbedtls_ecp_check_pub_priv
                0x0001a960      0x1bc C:/nRFsdk/ncs/nrfxlib/bsdlib/lib/cortex-m33/hard-float/libbsd_nrf9160_xxaa.a(ecp.c.o)
                0x0001a960                mbedtls_ecp_check_pub_priv
 .text.mbedtls_ecp_group_load
                0x0001ab1c       0x84 C:/nRFsdk/ncs/nrfxlib/bsdlib/lib/cortex-m33/hard-float/libbsd_nrf9160_xxaa.a(ecp_curves.c.o)
                0x0001ab1c                mbedtls_ecp_group_load
 .text.entropy_callback
                0x0001aba0       0x34 C:/nRFsdk/ncs/nrfxlib/bsdlib/lib/cortex-m33/hard-float/libbsd_nrf9160_xxaa.a(es256.c.o)
 .text.es256_key_generate
                0x0001abd4       0xfc C:/nRFsdk/ncs/nrfxlib/bsdlib/lib/cortex-m33/hard-float/libbsd_nrf9160_xxaa.a(es256.c.o)
                0x0001abd4                es256_key_generate
 .text.mbedtls_oid_get_oid_by_pk_alg
                0x0001acd0       0x38 C:/nRFsdk/ncs/nrfxlib/bsdlib/lib/cortex-m33/hard-float/libbsd_nrf9160_xxaa.a(oid.c.o)
                0x0001acd0                mbedtls_oid_get_oid_by_pk_alg
 .text.mbedtls_oid_get_oid_by_ec_grp
                0x0001ad08       0x38 C:/nRFsdk/ncs/nrfxlib/bsdlib/lib/cortex-m33/hard-float/libbsd_nrf9160_xxaa.a(oid.c.o)
                0x0001ad08                mbedtls_oid_get_oid_by_ec_grp
 .text.mbedtls_pem_write_buffer
                0x0001ad40       0xfc C:/nRFsdk/ncs/nrfxlib/bsdlib/lib/cortex-m33/hard-float/libbsd_nrf9160_xxaa.a(pem.c.o)
                0x0001ad40                mbedtls_pem_write_buffer
 .text.mbedtls_pk_init
                0x0001ae3c        0xc C:/nRFsdk/ncs/nrfxlib/bsdlib/lib/cortex-m33/hard-float/libbsd_nrf9160_xxaa.a(pk.c.o)
                0x0001ae3c                mbedtls_pk_init
 .text.mbedtls_pk_info_from_type
                0x0001ae48       0x1c C:/nRFsdk/ncs/nrfxlib/bsdlib/lib/cortex-m33/hard-float/libbsd_nrf9160_xxaa.a(pk.c.o)
                0x0001ae48                mbedtls_pk_info_from_type
 .text.mbedtls_pk_setup
                0x0001ae64       0x30 C:/nRFsdk/ncs/nrfxlib/bsdlib/lib/cortex-m33/hard-float/libbsd_nrf9160_xxaa.a(pk.c.o)
                0x0001ae64                mbedtls_pk_setup
 .text.mbedtls_pk_get_type
                0x0001ae94        0xc C:/nRFsdk/ncs/nrfxlib/bsdlib/lib/cortex-m33/hard-float/libbsd_nrf9160_xxaa.a(pk.c.o)
                0x0001ae94                mbedtls_pk_get_type
 .text.eckey_can_do
                0x0001aea0        0xc C:/nRFsdk/ncs/nrfxlib/bsdlib/lib/cortex-m33/hard-float/libbsd_nrf9160_xxaa.a(pk_wrap.c.o)
 .text.eckey_get_bitlen
                0x0001aeac        0x4 C:/nRFsdk/ncs/nrfxlib/bsdlib/lib/cortex-m33/hard-float/libbsd_nrf9160_xxaa.a(pk_wrap.c.o)
 .text.eckey_debug
                0x0001aeb0       0x14 C:/nRFsdk/ncs/nrfxlib/bsdlib/lib/cortex-m33/hard-float/libbsd_nrf9160_xxaa.a(pk_wrap.c.o)
 .text.eckeydh_can_do
                0x0001aec4        0xc C:/nRFsdk/ncs/nrfxlib/bsdlib/lib/cortex-m33/hard-float/libbsd_nrf9160_xxaa.a(pk_wrap.c.o)
 .text.eckey_free_wrap
                0x0001aed0       0x14 C:/nRFsdk/ncs/nrfxlib/bsdlib/lib/cortex-m33/hard-float/libbsd_nrf9160_xxaa.a(pk_wrap.c.o)
 .text.eckey_alloc_wrap
                0x0001aee4       0x18 C:/nRFsdk/ncs/nrfxlib/bsdlib/lib/cortex-m33/hard-float/libbsd_nrf9160_xxaa.a(pk_wrap.c.o)
 .text.eckey_check_pair
                0x0001aefc        0x4 C:/nRFsdk/ncs/nrfxlib/bsdlib/lib/cortex-m33/hard-float/libbsd_nrf9160_xxaa.a(pk_wrap.c.o)
 .text.mbedtls_pk_write_pubkey_pem
                0x0001af00      0x158 C:/nRFsdk/ncs/nrfxlib/bsdlib/lib/cortex-m33/hard-float/libbsd_nrf9160_xxaa.a(pkwrite.c.o)
                0x0001af00                mbedtls_pk_write_pubkey_pem
 .text.mbedtls_platform_zeroize
                0x0001b058       0x10 C:/nRFsdk/ncs/nrfxlib/bsdlib/lib/cortex-m33/hard-float/libbsd_nrf9160_xxaa.a(platform_util.c.o)
                0x0001b058                mbedtls_platform_zeroize
 .text.datagram_handler_init
                0x0001b068       0x1c C:/nRFsdk/ncs/nrfxlib/bsdlib/lib/cortex-m33/hard-float/libbsd_nrf9160_xxaa.a(datagram_handler.c.o)
                0x0001b068                datagram_handler_init
 .text.datagram_handler_put
                0x0001b084       0x40 C:/nRFsdk/ncs/nrfxlib/bsdlib/lib/cortex-m33/hard-float/libbsd_nrf9160_xxaa.a(datagram_handler.c.o)
                0x0001b084                datagram_handler_put
 .text.datagram_handler_get
                0x0001b0c4       0x8c C:/nRFsdk/ncs/nrfxlib/bsdlib/lib/cortex-m33/hard-float/libbsd_nrf9160_xxaa.a(datagram_handler.c.o)
                0x0001b0c4                datagram_handler_get
 .text.datagram_handler_available
                0x0001b150       0x14 C:/nRFsdk/ncs/nrfxlib/bsdlib/lib/cortex-m33/hard-float/libbsd_nrf9160_xxaa.a(datagram_handler.c.o)
                0x0001b150                datagram_handler_available
 .text.datagram_handler_flush
                0x0001b164       0x48 C:/nRFsdk/ncs/nrfxlib/bsdlib/lib/cortex-m33/hard-float/libbsd_nrf9160_xxaa.a(datagram_handler.c.o)
                0x0001b164                datagram_handler_flush
 .text.datagram_handler_free
                0x0001b1ac       0x4c C:/nRFsdk/ncs/nrfxlib/bsdlib/lib/cortex-m33/hard-float/libbsd_nrf9160_xxaa.a(datagram_handler.c.o)
                0x0001b1ac                datagram_handler_free
 .text.null_handler_init
                0x0001b1f8        0x4 C:/nRFsdk/ncs/nrfxlib/bsdlib/lib/cortex-m33/hard-float/libbsd_nrf9160_xxaa.a(null_handler.c.o)
                0x0001b1f8                null_handler_init
 .text.null_handler_put
                0x0001b1fc       0x10 C:/nRFsdk/ncs/nrfxlib/bsdlib/lib/cortex-m33/hard-float/libbsd_nrf9160_xxaa.a(null_handler.c.o)
                0x0001b1fc                null_handler_put
 .text.null_handler_get
                0x0001b20c        0x8 C:/nRFsdk/ncs/nrfxlib/bsdlib/lib/cortex-m33/hard-float/libbsd_nrf9160_xxaa.a(null_handler.c.o)
                0x0001b20c                null_handler_get
 .text.null_handler_available
                0x0001b214        0x8 C:/nRFsdk/ncs/nrfxlib/bsdlib/lib/cortex-m33/hard-float/libbsd_nrf9160_xxaa.a(null_handler.c.o)
                0x0001b214                null_handler_available
 .text.null_handler_flush
                0x0001b21c        0x4 C:/nRFsdk/ncs/nrfxlib/bsdlib/lib/cortex-m33/hard-float/libbsd_nrf9160_xxaa.a(null_handler.c.o)
                0x0001b21c                null_handler_flush
 .text.null_handler_free
                0x0001b220        0x4 C:/nRFsdk/ncs/nrfxlib/bsdlib/lib/cortex-m33/hard-float/libbsd_nrf9160_xxaa.a(null_handler.c.o)
                0x0001b220                null_handler_free
 .text.packet_handler_create
                0x0001b224       0x3c C:/nRFsdk/ncs/nrfxlib/bsdlib/lib/cortex-m33/hard-float/libbsd_nrf9160_xxaa.a(packet_handler_factory.c.o)
                0x0001b224                packet_handler_create
 .text.packet_handler_delete
                0x0001b260       0x1c C:/nRFsdk/ncs/nrfxlib/bsdlib/lib/cortex-m33/hard-float/libbsd_nrf9160_xxaa.a(packet_handler_factory.c.o)
                0x0001b260                packet_handler_delete
 .text.stream_handler_init
                0x0001b27c       0x20 C:/nRFsdk/ncs/nrfxlib/bsdlib/lib/cortex-m33/hard-float/libbsd_nrf9160_xxaa.a(stream_handler.c.o)
                0x0001b27c                stream_handler_init
 .text.stream_handler_put
                0x0001b29c       0x40 C:/nRFsdk/ncs/nrfxlib/bsdlib/lib/cortex-m33/hard-float/libbsd_nrf9160_xxaa.a(stream_handler.c.o)
                0x0001b29c                stream_handler_put
 .text.stream_handler_get
                0x0001b2dc      0x104 C:/nRFsdk/ncs/nrfxlib/bsdlib/lib/cortex-m33/hard-float/libbsd_nrf9160_xxaa.a(stream_handler.c.o)
                0x0001b2dc                stream_handler_get
 .text.stream_handler_available
                0x0001b3e0       0x28 C:/nRFsdk/ncs/nrfxlib/bsdlib/lib/cortex-m33/hard-float/libbsd_nrf9160_xxaa.a(stream_handler.c.o)
                0x0001b3e0                stream_handler_available
 .text.stream_handler_flush
                0x0001b408       0x48 C:/nRFsdk/ncs/nrfxlib/bsdlib/lib/cortex-m33/hard-float/libbsd_nrf9160_xxaa.a(stream_handler.c.o)
                0x0001b408                stream_handler_flush
 .text.stream_handler_free
                0x0001b450       0x4c C:/nRFsdk/ncs/nrfxlib/bsdlib/lib/cortex-m33/hard-float/libbsd_nrf9160_xxaa.a(stream_handler.c.o)
                0x0001b450                stream_handler_free
 .text.packet_free_cb
                0x0001b49c        0x8 C:/nRFsdk/ncs/nrfxlib/bsdlib/lib/cortex-m33/hard-float/libbsd_nrf9160_xxaa.a(at_interface.c.o)
 .text.at_interface_write
                0x0001b4a4       0x9c C:/nRFsdk/ncs/nrfxlib/bsdlib/lib/cortex-m33/hard-float/libbsd_nrf9160_xxaa.a(at_interface.c.o)
                0x0001b4a4                at_interface_write
 .text.at_interface_init
                0x0001b540        0x4 C:/nRFsdk/ncs/nrfxlib/bsdlib/lib/cortex-m33/hard-float/libbsd_nrf9160_xxaa.a(at_interface.c.o)
                0x0001b540                at_interface_init
 .text.at_interface_open
                0x0001b544       0x94 C:/nRFsdk/ncs/nrfxlib/bsdlib/lib/cortex-m33/hard-float/libbsd_nrf9160_xxaa.a(at_interface.c.o)
                0x0001b544                at_interface_open
 .text.at_interface_close
                0x0001b5d8       0x90 C:/nRFsdk/ncs/nrfxlib/bsdlib/lib/cortex-m33/hard-float/libbsd_nrf9160_xxaa.a(at_interface.c.o)
                0x0001b5d8                at_interface_close
 .text.at_interface_read
                0x0001b668       0xb8 C:/nRFsdk/ncs/nrfxlib/bsdlib/lib/cortex-m33/hard-float/libbsd_nrf9160_xxaa.a(at_interface.c.o)
                0x0001b668                at_interface_read
 .text.at_interface_getopt
                0x0001b720        0x4 C:/nRFsdk/ncs/nrfxlib/bsdlib/lib/cortex-m33/hard-float/libbsd_nrf9160_xxaa.a(at_interface.c.o)
                0x0001b720                at_interface_getopt
 .text.at_interface_setopt
                0x0001b724       0x50 C:/nRFsdk/ncs/nrfxlib/bsdlib/lib/cortex-m33/hard-float/libbsd_nrf9160_xxaa.a(at_interface.c.o)
                0x0001b724                at_interface_setopt
 .text.rpc_at_event_handler
                0x0001b774       0xa4 C:/nRFsdk/ncs/nrfxlib/bsdlib/lib/cortex-m33/hard-float/libbsd_nrf9160_xxaa.a(at_interface.c.o)
                0x0001b774                rpc_at_event_handler
 .text.ip_client_event_handler
                0x0001b818        0xc C:/nRFsdk/ncs/nrfxlib/bsdlib/lib/cortex-m33/hard-float/libbsd_nrf9160_xxaa.a(rpc_ip_client.c.o)
 .text.rpc_ip_client_init
                0x0001b824        0xc C:/nRFsdk/ncs/nrfxlib/bsdlib/lib/cortex-m33/hard-float/libbsd_nrf9160_xxaa.a(rpc_ip_client.c.o)
                0x0001b824                rpc_ip_client_init
 .text.rpc_ip_client_request_alloc
                0x0001b830       0x28 C:/nRFsdk/ncs/nrfxlib/bsdlib/lib/cortex-m33/hard-float/libbsd_nrf9160_xxaa.a(rpc_ip_client.c.o)
                0x0001b830                rpc_ip_client_request_alloc
 .text.rpc_ip_client_request_send
                0x0001b858       0x2c C:/nRFsdk/ncs/nrfxlib/bsdlib/lib/cortex-m33/hard-float/libbsd_nrf9160_xxaa.a(rpc_ip_client.c.o)
                0x0001b858                rpc_ip_client_request_send
 .text.rpc_ip_client_message_free
                0x0001b884       0x10 C:/nRFsdk/ncs/nrfxlib/bsdlib/lib/cortex-m33/hard-float/libbsd_nrf9160_xxaa.a(rpc_ip_client.c.o)
                0x0001b884                rpc_ip_client_message_free
 .text.rpc_ip_client_data_free
                0x0001b894       0x10 C:/nRFsdk/ncs/nrfxlib/bsdlib/lib/cortex-m33/hard-float/libbsd_nrf9160_xxaa.a(rpc_ip_client.c.o)
                0x0001b894                rpc_ip_client_data_free
 .text.secure_client_socket
                0x0001b8a4       0xd8 C:/nRFsdk/ncs/nrfxlib/bsdlib/lib/cortex-m33/hard-float/libbsd_nrf9160_xxaa.a(tls_interface.c.o)
 .text.tls_interface_init
                0x0001b97c        0x4 C:/nRFsdk/ncs/nrfxlib/bsdlib/lib/cortex-m33/hard-float/libbsd_nrf9160_xxaa.a(tls_interface.c.o)
                0x0001b97c                tls_interface_init
 .text.tls_interface_open
                0x0001b980       0x98 C:/nRFsdk/ncs/nrfxlib/bsdlib/lib/cortex-m33/hard-float/libbsd_nrf9160_xxaa.a(tls_interface.c.o)
                0x0001b980                tls_interface_open
 .text.tls_interface_close
                0x0001ba18       0x20 C:/nRFsdk/ncs/nrfxlib/bsdlib/lib/cortex-m33/hard-float/libbsd_nrf9160_xxaa.a(tls_interface.c.o)
                0x0001ba18                tls_interface_close
 .text.tls_interface_sendto
                0x0001ba38       0xb0 C:/nRFsdk/ncs/nrfxlib/bsdlib/lib/cortex-m33/hard-float/libbsd_nrf9160_xxaa.a(tls_interface.c.o)
                0x0001ba38                tls_interface_sendto
 .text.tls_interface_recvfrom
                0x0001bae8       0x88 C:/nRFsdk/ncs/nrfxlib/bsdlib/lib/cortex-m33/hard-float/libbsd_nrf9160_xxaa.a(tls_interface.c.o)
                0x0001bae8                tls_interface_recvfrom
 .text.tls_interface_bind
                0x0001bb70       0xd4 C:/nRFsdk/ncs/nrfxlib/bsdlib/lib/cortex-m33/hard-float/libbsd_nrf9160_xxaa.a(tls_interface.c.o)
                0x0001bb70                tls_interface_bind
 .text.tls_interface_connect
                0x0001bc44       0x60 C:/nRFsdk/ncs/nrfxlib/bsdlib/lib/cortex-m33/hard-float/libbsd_nrf9160_xxaa.a(tls_interface.c.o)
                0x0001bc44                tls_interface_connect
 .text.tls_interface_listen
                0x0001bca4       0xf0 C:/nRFsdk/ncs/nrfxlib/bsdlib/lib/cortex-m33/hard-float/libbsd_nrf9160_xxaa.a(tls_interface.c.o)
                0x0001bca4                tls_interface_listen
 .text.tls_interface_accept
                0x0001bd94       0xa0 C:/nRFsdk/ncs/nrfxlib/bsdlib/lib/cortex-m33/hard-float/libbsd_nrf9160_xxaa.a(tls_interface.c.o)
                0x0001bd94                tls_interface_accept
 .text.tls_interface_setopt
                0x0001be34       0xe8 C:/nRFsdk/ncs/nrfxlib/bsdlib/lib/cortex-m33/hard-float/libbsd_nrf9160_xxaa.a(tls_interface.c.o)
                0x0001be34                tls_interface_setopt
 .text.tls_interface_getopt
                0x0001bf1c       0xd4 C:/nRFsdk/ncs/nrfxlib/bsdlib/lib/cortex-m33/hard-float/libbsd_nrf9160_xxaa.a(tls_interface.c.o)
                0x0001bf1c                tls_interface_getopt
 .text.tls_rpc_ip_event_handler
                0x0001bff0       0xec C:/nRFsdk/ncs/nrfxlib/bsdlib/lib/cortex-m33/hard-float/libbsd_nrf9160_xxaa.a(tls_interface.c.o)
                0x0001bff0                tls_rpc_ip_event_handler
 .text.rpc_dfu_event_handler
                0x0001c0dc       0x2c C:/nRFsdk/ncs/nrfxlib/bsdlib/lib/cortex-m33/hard-float/libbsd_nrf9160_xxaa.a(mfu_interface.c.o)
                0x0001c0dc                rpc_dfu_event_handler
 .text.mfu_interface_init
                0x0001c108       0x38 C:/nRFsdk/ncs/nrfxlib/bsdlib/lib/cortex-m33/hard-float/libbsd_nrf9160_xxaa.a(mfu_interface.c.o)
                0x0001c108                mfu_interface_init
 .text.mfu_interface_open
                0x0001c140       0x3c C:/nRFsdk/ncs/nrfxlib/bsdlib/lib/cortex-m33/hard-float/libbsd_nrf9160_xxaa.a(mfu_interface.c.o)
                0x0001c140                mfu_interface_open
 .text.mfu_interface_close
                0x0001c17c       0xfc C:/nRFsdk/ncs/nrfxlib/bsdlib/lib/cortex-m33/hard-float/libbsd_nrf9160_xxaa.a(mfu_interface.c.o)
                0x0001c17c                mfu_interface_close
 .text.mfu_interface_sendto
                0x0001c278      0x1c8 C:/nRFsdk/ncs/nrfxlib/bsdlib/lib/cortex-m33/hard-float/libbsd_nrf9160_xxaa.a(mfu_interface.c.o)
                0x0001c278                mfu_interface_sendto
 .text.mfu_interface_setopt
                0x0001c440      0x14c C:/nRFsdk/ncs/nrfxlib/bsdlib/lib/cortex-m33/hard-float/libbsd_nrf9160_xxaa.a(mfu_interface.c.o)
                0x0001c440                mfu_interface_setopt
 .text.mfu_interface_getopt
                0x0001c58c      0x1ac C:/nRFsdk/ncs/nrfxlib/bsdlib/lib/cortex-m33/hard-float/libbsd_nrf9160_xxaa.a(mfu_interface.c.o)
                0x0001c58c                mfu_interface_getopt
 .text.bsd_platform_error_handler
                0x0001c738       0x24 C:/nRFsdk/ncs/nrfxlib/bsdlib/lib/cortex-m33/hard-float/libbsd_nrf9160_xxaa.a(bsd.c.o)
                0x0001c738                bsd_platform_error_handler
 .text.bsd_init
                0x0001c75c       0x2c C:/nRFsdk/ncs/nrfxlib/bsdlib/lib/cortex-m33/hard-float/libbsd_nrf9160_xxaa.a(bsd.c.o)
                0x0001c75c                bsd_init
 .text.unimplemented_method
                0x0001c788       0x18 C:/nRFsdk/ncs/nrfxlib/bsdlib/lib/cortex-m33/hard-float/libbsd_nrf9160_xxaa.a(bsd_platform.c.o)
 .text.rpc_transport_ipc_fault_handler
                0x0001c7a0        0x4 C:/nRFsdk/ncs/nrfxlib/bsdlib/lib/cortex-m33/hard-float/libbsd_nrf9160_xxaa.a(bsd_platform.c.o)
                0x0001c7a0                rpc_transport_ipc_fault_handler
 .text.bsd_platform_init
                0x0001c7a4       0xfc C:/nRFsdk/ncs/nrfxlib/bsdlib/lib/cortex-m33/hard-float/libbsd_nrf9160_xxaa.a(bsd_platform.c.o)
                0x0001c7a4                bsd_platform_init
 .text.bsd_platform_af_method_table_get
                0x0001c8a0       0x84 C:/nRFsdk/ncs/nrfxlib/bsdlib/lib/cortex-m33/hard-float/libbsd_nrf9160_xxaa.a(bsd_platform.c.o)
                0x0001c8a0                bsd_platform_af_method_table_get
 .text.bsd_platform_fd_method_table_get
                0x0001c924       0xbc C:/nRFsdk/ncs/nrfxlib/bsdlib/lib/cortex-m33/hard-float/libbsd_nrf9160_xxaa.a(bsd_platform.c.o)
                0x0001c924                bsd_platform_fd_method_table_get
 .text.bsd_platform_getaddrinfo
                0x0001c9e0        0x4 C:/nRFsdk/ncs/nrfxlib/bsdlib/lib/cortex-m33/hard-float/libbsd_nrf9160_xxaa.a(bsd_platform_util.c.o)
                0x0001c9e0                bsd_platform_getaddrinfo
 .text.bsd_platform_freeaddrinfo
                0x0001c9e4        0x4 C:/nRFsdk/ncs/nrfxlib/bsdlib/lib/cortex-m33/hard-float/libbsd_nrf9160_xxaa.a(bsd_platform_util.c.o)
                0x0001c9e4                bsd_platform_freeaddrinfo
 .text.bsd_platform_poll
                0x0001c9e8       0xb4 C:/nRFsdk/ncs/nrfxlib/bsdlib/lib/cortex-m33/hard-float/libbsd_nrf9160_xxaa.a(bsd_platform_util.c.o)
                0x0001c9e8                bsd_platform_poll
 .text.bsd_platform_fcntl
                0x0001ca9c       0x20 C:/nRFsdk/ncs/nrfxlib/bsdlib/lib/cortex-m33/hard-float/libbsd_nrf9160_xxaa.a(bsd_platform_util.c.o)
                0x0001ca9c                bsd_platform_fcntl
 .text.nrf_inbuilt_key_init
                0x0001cabc       0x8c C:/nRFsdk/ncs/nrfxlib/bsdlib/lib/cortex-m33/hard-float/libbsd_nrf9160_xxaa.a(nrf_inbuilt_key.c.o)
                0x0001cabc                nrf_inbuilt_key_init
 .text.ipc_trace_init
                0x0001cb48        0xc C:/nRFsdk/ncs/nrfxlib/bsdlib/lib/cortex-m33/hard-float/libbsd_nrf9160_xxaa.a(ipc_trace.c.o)
                0x0001cb48                ipc_trace_init
 .text.bsd_os_trace_irq_handler
                0x0001cb54      0x1c4 C:/nRFsdk/ncs/nrfxlib/bsdlib/lib/cortex-m33/hard-float/libbsd_nrf9160_xxaa.a(ipc_trace.c.o)
                0x0001cb54                bsd_os_trace_irq_handler
 .text.ipc_trace_handle
                0x0001cd18      0x2dc C:/nRFsdk/ncs/nrfxlib/bsdlib/lib/cortex-m33/hard-float/libbsd_nrf9160_xxaa.a(ipc_trace.c.o)
                0x0001cd18                ipc_trace_handle
 .text.rpc_trace_coredump_in_progress
                0x0001cff4        0xc C:/nRFsdk/ncs/nrfxlib/bsdlib/lib/cortex-m33/hard-float/libbsd_nrf9160_xxaa.a(ipc_trace.c.o)
                0x0001cff4                rpc_trace_coredump_in_progress
 .text.transport_reset
                0x0001d000        0x4 C:/nRFsdk/ncs/nrfxlib/bsdlib/lib/cortex-m33/hard-float/libbsd_nrf9160_xxaa.a(rpc_transport_ipc.c.o)
 .text.transport_data_free
                0x0001d004       0x38 C:/nRFsdk/ncs/nrfxlib/bsdlib/lib/cortex-m33/hard-float/libbsd_nrf9160_xxaa.a(rpc_transport_ipc.c.o)
 .text.rpc_transport_ipc_init
                0x0001d03c       0x84 C:/nRFsdk/ncs/nrfxlib/bsdlib/lib/cortex-m33/hard-float/libbsd_nrf9160_xxaa.a(rpc_transport_ipc.c.o)
                0x0001d03c                rpc_transport_ipc_init
 .text.rpc_transport_rx_handle
                0x0001d0c0       0x44 C:/nRFsdk/ncs/nrfxlib/bsdlib/lib/cortex-m33/hard-float/libbsd_nrf9160_xxaa.a(rpc_transport_ipc.c.o)
                0x0001d0c0                rpc_transport_rx_handle
 .text.rpc_transport_ipc_rx_init
                0x0001d104      0x240 C:/nRFsdk/ncs/nrfxlib/bsdlib/lib/cortex-m33/hard-float/libbsd_nrf9160_xxaa.a(rpc_transport_ipc_rx.c.o)
                0x0001d104                rpc_transport_ipc_rx_init
 .text.IPC_IRQHandler
                0x0001d344      0x3b8 C:/nRFsdk/ncs/nrfxlib/bsdlib/lib/cortex-m33/hard-float/libbsd_nrf9160_xxaa.a(rpc_transport_ipc_rx.c.o)
                0x0001d344                IPC_IRQHandler
 .text.rpc_transport_msg_free
                0x0001d6fc       0x6c C:/nRFsdk/ncs/nrfxlib/bsdlib/lib/cortex-m33/hard-float/libbsd_nrf9160_xxaa.a(rpc_transport_ipc_rx.c.o)
                0x0001d6fc                rpc_transport_msg_free
 .text.rpc_transport_ipc_tx_init
                0x0001d768      0x1d4 C:/nRFsdk/ncs/nrfxlib/bsdlib/lib/cortex-m33/hard-float/libbsd_nrf9160_xxaa.a(rpc_transport_ipc_tx.c.o)
                0x0001d768                rpc_transport_ipc_tx_init
 .text.rpc_transport_ipc_tx_send
                0x0001d93c      0x100 C:/nRFsdk/ncs/nrfxlib/bsdlib/lib/cortex-m33/hard-float/libbsd_nrf9160_xxaa.a(rpc_transport_ipc_tx.c.o)
                0x0001d93c                rpc_transport_ipc_tx_send
 .text.rpc_transport_ipc_tx_rpc_data_alloc
                0x0001da3c       0x70 C:/nRFsdk/ncs/nrfxlib/bsdlib/lib/cortex-m33/hard-float/libbsd_nrf9160_xxaa.a(rpc_transport_ipc_tx.c.o)
                0x0001da3c                rpc_transport_ipc_tx_rpc_data_alloc
 .text.rpc_transport_ipc_tx_rpc_ctrl_alloc
                0x0001daac       0x60 C:/nRFsdk/ncs/nrfxlib/bsdlib/lib/cortex-m33/hard-float/libbsd_nrf9160_xxaa.a(rpc_transport_ipc_tx.c.o)
                0x0001daac                rpc_transport_ipc_tx_rpc_ctrl_alloc
 .text.rpc_transport_ipc_tx_data_alloc
                0x0001db0c       0x14 C:/nRFsdk/ncs/nrfxlib/bsdlib/lib/cortex-m33/hard-float/libbsd_nrf9160_xxaa.a(rpc_transport_ipc_tx.c.o)
                0x0001db0c                rpc_transport_ipc_tx_data_alloc
 .text.pdn_id_get_parser
                0x0001db20       0x4c C:/nRFsdk/ncs/nrfxlib/bsdlib/lib/cortex-m33/hard-float/libbsd_nrf9160_xxaa.a(pdn_interface.c.o)
 .text.conext_create_parser
                0x0001db6c       0x4c C:/nRFsdk/ncs/nrfxlib/bsdlib/lib/cortex-m33/hard-float/libbsd_nrf9160_xxaa.a(pdn_interface.c.o)
 .text.ok_rsp_parser
                0x0001dbb8       0x14 C:/nRFsdk/ncs/nrfxlib/bsdlib/lib/cortex-m33/hard-float/libbsd_nrf9160_xxaa.a(pdn_interface.c.o)
 .text.event_wait.constprop.2
                0x0001dbcc       0x94 C:/nRFsdk/ncs/nrfxlib/bsdlib/lib/cortex-m33/hard-float/libbsd_nrf9160_xxaa.a(pdn_interface.c.o)
 .text.pdn_id_get.part.0
                0x0001dc60       0x88 C:/nRFsdk/ncs/nrfxlib/bsdlib/lib/cortex-m33/hard-float/libbsd_nrf9160_xxaa.a(pdn_interface.c.o)
 .text.pdn_interface_init
                0x0001dce8       0x34 C:/nRFsdk/ncs/nrfxlib/bsdlib/lib/cortex-m33/hard-float/libbsd_nrf9160_xxaa.a(pdn_interface.c.o)
                0x0001dce8                pdn_interface_init
 .text.pdn_interface_open
                0x0001dd1c      0x1c8 C:/nRFsdk/ncs/nrfxlib/bsdlib/lib/cortex-m33/hard-float/libbsd_nrf9160_xxaa.a(pdn_interface.c.o)
                0x0001dd1c                pdn_interface_open
 .text.pdn_interface_connect
                0x0001dee4      0x224 C:/nRFsdk/ncs/nrfxlib/bsdlib/lib/cortex-m33/hard-float/libbsd_nrf9160_xxaa.a(pdn_interface.c.o)
                0x0001dee4                pdn_interface_connect
 .text.pdn_interface_close
                0x0001e108      0x154 C:/nRFsdk/ncs/nrfxlib/bsdlib/lib/cortex-m33/hard-float/libbsd_nrf9160_xxaa.a(pdn_interface.c.o)
                0x0001e108                pdn_interface_close
 .text.pdn_interface_setopt
                0x0001e25c       0xa8 C:/nRFsdk/ncs/nrfxlib/bsdlib/lib/cortex-m33/hard-float/libbsd_nrf9160_xxaa.a(pdn_interface.c.o)
                0x0001e25c                pdn_interface_setopt
 .text.pdn_interface_getopt
                0x0001e304       0xa0 C:/nRFsdk/ncs/nrfxlib/bsdlib/lib/cortex-m33/hard-float/libbsd_nrf9160_xxaa.a(pdn_interface.c.o)
                0x0001e304                pdn_interface_getopt
 .text.pdn_interface_pdn_id_get
                0x0001e3a4      0x744 C:/nRFsdk/ncs/nrfxlib/bsdlib/lib/cortex-m33/hard-float/libbsd_nrf9160_xxaa.a(pdn_interface.c.o)
                0x0001e3a4                pdn_interface_pdn_id_get
 .text.gnss_client_event_handler
                0x0001eae8        0xc C:/nRFsdk/ncs/nrfxlib/bsdlib/lib/cortex-m33/hard-float/libbsd_nrf9160_xxaa.a(rpc_gnss_client.c.o)
 .text.rpc_gnss_client_init
                0x0001eaf4        0xc C:/nRFsdk/ncs/nrfxlib/bsdlib/lib/cortex-m33/hard-float/libbsd_nrf9160_xxaa.a(rpc_gnss_client.c.o)
                0x0001eaf4                rpc_gnss_client_init
 .text.rpc_gnss_client_request_alloc
                0x0001eb00       0x28 C:/nRFsdk/ncs/nrfxlib/bsdlib/lib/cortex-m33/hard-float/libbsd_nrf9160_xxaa.a(rpc_gnss_client.c.o)
                0x0001eb00                rpc_gnss_client_request_alloc
 .text.rpc_gnss_client_request_send
                0x0001eb28       0x2c C:/nRFsdk/ncs/nrfxlib/bsdlib/lib/cortex-m33/hard-float/libbsd_nrf9160_xxaa.a(rpc_gnss_client.c.o)
                0x0001eb28                rpc_gnss_client_request_send
 .text.rpc_gnss_client_message_free
                0x0001eb54       0x10 C:/nRFsdk/ncs/nrfxlib/bsdlib/lib/cortex-m33/hard-float/libbsd_nrf9160_xxaa.a(rpc_gnss_client.c.o)
                0x0001eb54                rpc_gnss_client_message_free
 .text.rpc_gnss_client_data_free
                0x0001eb64       0x10 C:/nRFsdk/ncs/nrfxlib/bsdlib/lib/cortex-m33/hard-float/libbsd_nrf9160_xxaa.a(rpc_gnss_client.c.o)
                0x0001eb64                rpc_gnss_client_data_free
 .text.ip_recvd_packet_free_cb
                0x0001eb74       0x18 C:/nRFsdk/ncs/nrfxlib/bsdlib/lib/cortex-m33/hard-float/libbsd_nrf9160_xxaa.a(ip_interface.c.o)
 .text.rpc_error_to_nrf_bsd_error
                0x0001eb8c       0x14 C:/nRFsdk/ncs/nrfxlib/bsdlib/lib/cortex-m33/hard-float/libbsd_nrf9160_xxaa.a(ip_interface.c.o)
                0x0001eb8c                rpc_error_to_nrf_bsd_error
 .text.ip_interface_request_create
                0x0001eba0       0x40 C:/nRFsdk/ncs/nrfxlib/bsdlib/lib/cortex-m33/hard-float/libbsd_nrf9160_xxaa.a(ip_interface.c.o)
                0x0001eba0                ip_interface_request_create
 .text.ip_interface_request_send
                0x0001ebe0       0x28 C:/nRFsdk/ncs/nrfxlib/bsdlib/lib/cortex-m33/hard-float/libbsd_nrf9160_xxaa.a(ip_interface.c.o)
                0x0001ebe0                ip_interface_request_send
 .text.ip_interface_wait
                0x0001ec08       0x28 C:/nRFsdk/ncs/nrfxlib/bsdlib/lib/cortex-m33/hard-float/libbsd_nrf9160_xxaa.a(ip_interface.c.o)
                0x0001ec08                ip_interface_wait
 .text.ip_interface_init
                0x0001ec30       0x30 C:/nRFsdk/ncs/nrfxlib/bsdlib/lib/cortex-m33/hard-float/libbsd_nrf9160_xxaa.a(ip_interface.c.o)
                0x0001ec30                ip_interface_init
 .text.ip_interface_open
                0x0001ec60      0x134 C:/nRFsdk/ncs/nrfxlib/bsdlib/lib/cortex-m33/hard-float/libbsd_nrf9160_xxaa.a(ip_interface.c.o)
                0x0001ec60                ip_interface_open
 .text.ip_interface_close
                0x0001ed94       0xe0 C:/nRFsdk/ncs/nrfxlib/bsdlib/lib/cortex-m33/hard-float/libbsd_nrf9160_xxaa.a(ip_interface.c.o)
                0x0001ed94                ip_interface_close
 .text.ip_interface_sendto
                0x0001ee74      0x1ac C:/nRFsdk/ncs/nrfxlib/bsdlib/lib/cortex-m33/hard-float/libbsd_nrf9160_xxaa.a(ip_interface.c.o)
                0x0001ee74                ip_interface_sendto
 .text.ip_interface_recvfrom
                0x0001f020      0x1f4 C:/nRFsdk/ncs/nrfxlib/bsdlib/lib/cortex-m33/hard-float/libbsd_nrf9160_xxaa.a(ip_interface.c.o)
                0x0001f020                ip_interface_recvfrom
 .text.ip_interface_connect
                0x0001f214      0x14c C:/nRFsdk/ncs/nrfxlib/bsdlib/lib/cortex-m33/hard-float/libbsd_nrf9160_xxaa.a(ip_interface.c.o)
                0x0001f214                ip_interface_connect
 .text.ip_interface_bind
                0x0001f360      0x12c C:/nRFsdk/ncs/nrfxlib/bsdlib/lib/cortex-m33/hard-float/libbsd_nrf9160_xxaa.a(ip_interface.c.o)
                0x0001f360                ip_interface_bind
 .text.ip_interface_listen
                0x0001f48c       0xec C:/nRFsdk/ncs/nrfxlib/bsdlib/lib/cortex-m33/hard-float/libbsd_nrf9160_xxaa.a(ip_interface.c.o)
                0x0001f48c                ip_interface_listen
 .text.ip_interface_accept
                0x0001f578      0x270 C:/nRFsdk/ncs/nrfxlib/bsdlib/lib/cortex-m33/hard-float/libbsd_nrf9160_xxaa.a(ip_interface.c.o)
                0x0001f578                ip_interface_accept
 .text.ip_interface_setopt
                0x0001f7e8      0x184 C:/nRFsdk/ncs/nrfxlib/bsdlib/lib/cortex-m33/hard-float/libbsd_nrf9160_xxaa.a(ip_interface.c.o)
                0x0001f7e8                ip_interface_setopt
 .text.ip_interface_getopt
                0x0001f96c        0x4 C:/nRFsdk/ncs/nrfxlib/bsdlib/lib/cortex-m33/hard-float/libbsd_nrf9160_xxaa.a(ip_interface.c.o)
                0x0001f96c                ip_interface_getopt
 .text.ip_interface_getaddrinfo
                0x0001f970      0x1d4 C:/nRFsdk/ncs/nrfxlib/bsdlib/lib/cortex-m33/hard-float/libbsd_nrf9160_xxaa.a(ip_interface.c.o)
                0x0001f970                ip_interface_getaddrinfo
 .text.ip_interface_freeaddrinfo
                0x0001fb44       0x3c C:/nRFsdk/ncs/nrfxlib/bsdlib/lib/cortex-m33/hard-float/libbsd_nrf9160_xxaa.a(ip_interface.c.o)
                0x0001fb44                ip_interface_freeaddrinfo
 .text.rpc_ip_event_handler
                0x0001fb80      0x4f8 C:/nRFsdk/ncs/nrfxlib/bsdlib/lib/cortex-m33/hard-float/libbsd_nrf9160_xxaa.a(ip_interface.c.o)
                0x0001fb80                rpc_ip_event_handler
 .text.interface_init
                0x00020078       0x18 C:/nRFsdk/ncs/nrfxlib/bsdlib/lib/cortex-m33/hard-float/libbsd_nrf9160_xxaa.a(interface.c.o)
                0x00020078                interface_init
 .text.interface_socket_allocate
                0x00020090       0xa8 C:/nRFsdk/ncs/nrfxlib/bsdlib/lib/cortex-m33/hard-float/libbsd_nrf9160_xxaa.a(interface.c.o)
                0x00020090                interface_socket_allocate
 .text.interface_socket_free
                0x00020138       0x28 C:/nRFsdk/ncs/nrfxlib/bsdlib/lib/cortex-m33/hard-float/libbsd_nrf9160_xxaa.a(interface.c.o)
                0x00020138                interface_socket_free
 .text.interface_socket_packet_handler_update
                0x00020160       0x5c C:/nRFsdk/ncs/nrfxlib/bsdlib/lib/cortex-m33/hard-float/libbsd_nrf9160_xxaa.a(interface.c.o)
                0x00020160                interface_socket_packet_handler_update
 .text.interface_socket_wait
                0x000201bc       0x50 C:/nRFsdk/ncs/nrfxlib/bsdlib/lib/cortex-m33/hard-float/libbsd_nrf9160_xxaa.a(interface.c.o)
                0x000201bc                interface_socket_wait
 .text.interface_from_internal_id_search
                0x0002020c       0x90 C:/nRFsdk/ncs/nrfxlib/bsdlib/lib/cortex-m33/hard-float/libbsd_nrf9160_xxaa.a(interface.c.o)
                0x0002020c                interface_from_internal_id_search
 .text.interface_socket_from_handle_get
                0x0002029c       0x1c C:/nRFsdk/ncs/nrfxlib/bsdlib/lib/cortex-m33/hard-float/libbsd_nrf9160_xxaa.a(interface.c.o)
                0x0002029c                interface_socket_from_handle_get
 .text.interface_socket_event_get
                0x000202b8       0x30 C:/nRFsdk/ncs/nrfxlib/bsdlib/lib/cortex-m33/hard-float/libbsd_nrf9160_xxaa.a(interface.c.o)
                0x000202b8                interface_socket_event_get
 .text.interface_socket_getopt
                0x000202e8       0x58 C:/nRFsdk/ncs/nrfxlib/bsdlib/lib/cortex-m33/hard-float/libbsd_nrf9160_xxaa.a(interface.c.o)
                0x000202e8                interface_socket_getopt
 .text.interface_socket_fcntl
                0x00020340       0x50 C:/nRFsdk/ncs/nrfxlib/bsdlib/lib/cortex-m33/hard-float/libbsd_nrf9160_xxaa.a(interface.c.o)
                0x00020340                interface_socket_fcntl
 .text.bsd_os_application_irq_handler
                0x00020390       0xcc C:/nRFsdk/ncs/nrfxlib/bsdlib/lib/cortex-m33/hard-float/libbsd_nrf9160_xxaa.a(rpc_framework.c.o)
                0x00020390                bsd_os_application_irq_handler
 .text.rpc_framework_init
                0x0002045c       0x14 C:/nRFsdk/ncs/nrfxlib/bsdlib/lib/cortex-m33/hard-float/libbsd_nrf9160_xxaa.a(rpc_framework.c.o)
                0x0002045c                rpc_framework_init
 .text.rpc_client_register
                0x00020470       0xd4 C:/nRFsdk/ncs/nrfxlib/bsdlib/lib/cortex-m33/hard-float/libbsd_nrf9160_xxaa.a(rpc_framework.c.o)
                0x00020470                rpc_client_register
 .text.rpc_transport_input
                0x00020544      0x22c C:/nRFsdk/ncs/nrfxlib/bsdlib/lib/cortex-m33/hard-float/libbsd_nrf9160_xxaa.a(rpc_framework.c.o)
                0x00020544                rpc_transport_input
 .text.rpc_transport_register
                0x00020770       0xc0 C:/nRFsdk/ncs/nrfxlib/bsdlib/lib/cortex-m33/hard-float/libbsd_nrf9160_xxaa.a(rpc_framework.c.o)
                0x00020770                rpc_transport_register
 .text.rpc_transport_unregister
                0x00020830       0x90 C:/nRFsdk/ncs/nrfxlib/bsdlib/lib/cortex-m33/hard-float/libbsd_nrf9160_xxaa.a(rpc_framework.c.o)
                0x00020830                rpc_transport_unregister
 .text.rpc_message_send
                0x000208c0       0x30 C:/nRFsdk/ncs/nrfxlib/bsdlib/lib/cortex-m33/hard-float/libbsd_nrf9160_xxaa.a(rpc_framework.c.o)
                0x000208c0                rpc_message_send
 .text.rpc_message_alloc
                0x000208f0       0x68 C:/nRFsdk/ncs/nrfxlib/bsdlib/lib/cortex-m33/hard-float/libbsd_nrf9160_xxaa.a(rpc_framework.c.o)
                0x000208f0                rpc_message_alloc
 .text.rpc_message_free
                0x00020958      0x160 C:/nRFsdk/ncs/nrfxlib/bsdlib/lib/cortex-m33/hard-float/libbsd_nrf9160_xxaa.a(rpc_framework.c.o)
                0x00020958                rpc_message_free
 .text.rpc_message_data_free
                0x00020ab8      0x154 C:/nRFsdk/ncs/nrfxlib/bsdlib/lib/cortex-m33/hard-float/libbsd_nrf9160_xxaa.a(rpc_framework.c.o)
                0x00020ab8                rpc_message_data_free
 .text.packet_free_cb
                0x00020c0c       0x18 C:/nRFsdk/ncs/nrfxlib/bsdlib/lib/cortex-m33/hard-float/libbsd_nrf9160_xxaa.a(gnss_interface.c.o)
 .text.rpc_gnss_event_handler
                0x00020c24      0x168 C:/nRFsdk/ncs/nrfxlib/bsdlib/lib/cortex-m33/hard-float/libbsd_nrf9160_xxaa.a(gnss_interface.c.o)
                0x00020c24                rpc_gnss_event_handler
 .text.gnss_interface_read
                0x00020d8c      0x3c8 C:/nRFsdk/ncs/nrfxlib/bsdlib/lib/cortex-m33/hard-float/libbsd_nrf9160_xxaa.a(gnss_interface.c.o)
                0x00020d8c                gnss_interface_read
 .text.gnss_interface_setopt
                0x00021154      0x274 C:/nRFsdk/ncs/nrfxlib/bsdlib/lib/cortex-m33/hard-float/libbsd_nrf9160_xxaa.a(gnss_interface.c.o)
                0x00021154                gnss_interface_setopt
 .text.gnss_interface_getopt
                0x000213c8      0x220 C:/nRFsdk/ncs/nrfxlib/bsdlib/lib/cortex-m33/hard-float/libbsd_nrf9160_xxaa.a(gnss_interface.c.o)
                0x000213c8                gnss_interface_getopt
 .text.gnss_interface_init
                0x000215e8       0x3c C:/nRFsdk/ncs/nrfxlib/bsdlib/lib/cortex-m33/hard-float/libbsd_nrf9160_xxaa.a(gnss_interface.c.o)
                0x000215e8                gnss_interface_init
 .text.gnss_interface_open
                0x00021624      0x120 C:/nRFsdk/ncs/nrfxlib/bsdlib/lib/cortex-m33/hard-float/libbsd_nrf9160_xxaa.a(gnss_interface.c.o)
                0x00021624                gnss_interface_open
 .text.gnss_interface_close
                0x00021744       0x5c C:/nRFsdk/ncs/nrfxlib/bsdlib/lib/cortex-m33/hard-float/libbsd_nrf9160_xxaa.a(gnss_interface.c.o)
                0x00021744                gnss_interface_close
 .text.authenticated_atcmd_init
                0x000217a0      0x104 C:/nRFsdk/ncs/nrfxlib/bsdlib/lib/cortex-m33/hard-float/libbsd_nrf9160_xxaa.a(authenticated_atcmd.c.o)
                0x000217a0                authenticated_atcmd_init
 .text.at_client_evt_handler
                0x000218a4       0x10 C:/nRFsdk/ncs/nrfxlib/bsdlib/lib/cortex-m33/hard-float/libbsd_nrf9160_xxaa.a(rpc_at_client.c.o)
 .text.rpc_at_client_init
                0x000218b4        0xc C:/nRFsdk/ncs/nrfxlib/bsdlib/lib/cortex-m33/hard-float/libbsd_nrf9160_xxaa.a(rpc_at_client.c.o)
                0x000218b4                rpc_at_client_init
 .text.rpc_at_client_request_alloc
                0x000218c0       0x28 C:/nRFsdk/ncs/nrfxlib/bsdlib/lib/cortex-m33/hard-float/libbsd_nrf9160_xxaa.a(rpc_at_client.c.o)
                0x000218c0                rpc_at_client_request_alloc
 .text.rpc_at_client_request_send
                0x000218e8       0x1c C:/nRFsdk/ncs/nrfxlib/bsdlib/lib/cortex-m33/hard-float/libbsd_nrf9160_xxaa.a(rpc_at_client.c.o)
                0x000218e8                rpc_at_client_request_send
 .text.rpc_at_client_message_free
                0x00021904       0x10 C:/nRFsdk/ncs/nrfxlib/bsdlib/lib/cortex-m33/hard-float/libbsd_nrf9160_xxaa.a(rpc_at_client.c.o)
                0x00021904                rpc_at_client_message_free
 .text.rpc_at_client_data_free
                0x00021914       0x10 C:/nRFsdk/ncs/nrfxlib/bsdlib/lib/cortex-m33/hard-float/libbsd_nrf9160_xxaa.a(rpc_at_client.c.o)
                0x00021914                rpc_at_client_data_free
 .text.linked_list_init
                0x00021924       0x14 C:/nRFsdk/ncs/nrfxlib/bsdlib/lib/cortex-m33/hard-float/libbsd_nrf9160_xxaa.a(linked_list.c.o)
                0x00021924                linked_list_init
 .text.linked_list_push
                0x00021938       0x2c C:/nRFsdk/ncs/nrfxlib/bsdlib/lib/cortex-m33/hard-float/libbsd_nrf9160_xxaa.a(linked_list.c.o)
                0x00021938                linked_list_push
 .text.linked_list_pop
                0x00021964       0x14 C:/nRFsdk/ncs/nrfxlib/bsdlib/lib/cortex-m33/hard-float/libbsd_nrf9160_xxaa.a(linked_list.c.o)
                0x00021964                linked_list_pop
 .text.linked_list_peek
                0x00021978        0xc C:/nRFsdk/ncs/nrfxlib/bsdlib/lib/cortex-m33/hard-float/libbsd_nrf9160_xxaa.a(linked_list.c.o)
                0x00021978                linked_list_peek
 .text.linked_list_size_get
                0x00021984        0x4 C:/nRFsdk/ncs/nrfxlib/bsdlib/lib/cortex-m33/hard-float/libbsd_nrf9160_xxaa.a(linked_list.c.o)
                0x00021984                linked_list_size_get
 .text.linked_list_get_next
                0x00021988        0x4 C:/nRFsdk/ncs/nrfxlib/bsdlib/lib/cortex-m33/hard-float/libbsd_nrf9160_xxaa.a(linked_list.c.o)
                0x00021988                linked_list_get_next
 .text.nrf_socket
                0x0002198c       0x24 C:/nRFsdk/ncs/nrfxlib/bsdlib/lib/cortex-m33/hard-float/libbsd_nrf9160_xxaa.a(socket.c.o)
                0x0002198c                nrf_socket
 .text.nrf_close
                0x000219b0       0x1c C:/nRFsdk/ncs/nrfxlib/bsdlib/lib/cortex-m33/hard-float/libbsd_nrf9160_xxaa.a(socket.c.o)
                0x000219b0                nrf_close
 .text.nrf_sendto
                0x000219cc       0x38 C:/nRFsdk/ncs/nrfxlib/bsdlib/lib/cortex-m33/hard-float/libbsd_nrf9160_xxaa.a(socket.c.o)
                0x000219cc                nrf_sendto
 .text.nrf_send
                0x00021a04       0x34 C:/nRFsdk/ncs/nrfxlib/bsdlib/lib/cortex-m33/hard-float/libbsd_nrf9160_xxaa.a(socket.c.o)
                0x00021a04                nrf_send
 .text.nrf_recvfrom
                0x00021a38       0x38 C:/nRFsdk/ncs/nrfxlib/bsdlib/lib/cortex-m33/hard-float/libbsd_nrf9160_xxaa.a(socket.c.o)
                0x00021a38                nrf_recvfrom
 .text.nrf_recv
                0x00021a70       0x34 C:/nRFsdk/ncs/nrfxlib/bsdlib/lib/cortex-m33/hard-float/libbsd_nrf9160_xxaa.a(socket.c.o)
                0x00021a70                nrf_recv
 .text.nrf_connect
                0x00021aa4       0x24 C:/nRFsdk/ncs/nrfxlib/bsdlib/lib/cortex-m33/hard-float/libbsd_nrf9160_xxaa.a(socket.c.o)
                0x00021aa4                nrf_connect
 .text.nrf_listen
                0x00021ac8       0x20 C:/nRFsdk/ncs/nrfxlib/bsdlib/lib/cortex-m33/hard-float/libbsd_nrf9160_xxaa.a(socket.c.o)
                0x00021ac8                nrf_listen
 .text.nrf_accept
                0x00021ae8       0x2c C:/nRFsdk/ncs/nrfxlib/bsdlib/lib/cortex-m33/hard-float/libbsd_nrf9160_xxaa.a(socket.c.o)
                0x00021ae8                nrf_accept
 .text.nrf_bind
                0x00021b14       0x24 C:/nRFsdk/ncs/nrfxlib/bsdlib/lib/cortex-m33/hard-float/libbsd_nrf9160_xxaa.a(socket.c.o)
                0x00021b14                nrf_bind
 .text.nrf_setsockopt
                0x00021b38       0x38 C:/nRFsdk/ncs/nrfxlib/bsdlib/lib/cortex-m33/hard-float/libbsd_nrf9160_xxaa.a(socket.c.o)
                0x00021b38                nrf_setsockopt
 .text.nrf_getsockopt
                0x00021b70       0x38 C:/nRFsdk/ncs/nrfxlib/bsdlib/lib/cortex-m33/hard-float/libbsd_nrf9160_xxaa.a(socket.c.o)
                0x00021b70                nrf_getsockopt
 .text.nrf_getaddrinfo
                0x00021ba8        0x4 C:/nRFsdk/ncs/nrfxlib/bsdlib/lib/cortex-m33/hard-float/libbsd_nrf9160_xxaa.a(socket.c.o)
                0x00021ba8                nrf_getaddrinfo
 .text.nrf_freeaddrinfo
                0x00021bac        0x4 C:/nRFsdk/ncs/nrfxlib/bsdlib/lib/cortex-m33/hard-float/libbsd_nrf9160_xxaa.a(socket.c.o)
                0x00021bac                nrf_freeaddrinfo
 .text.nrf_poll
                0x00021bb0        0x4 C:/nRFsdk/ncs/nrfxlib/bsdlib/lib/cortex-m33/hard-float/libbsd_nrf9160_xxaa.a(socket.c.o)
                0x00021bb0                nrf_poll
 .text.nrf_fcntl
                0x00021bb4        0x4 C:/nRFsdk/ncs/nrfxlib/bsdlib/lib/cortex-m33/hard-float/libbsd_nrf9160_xxaa.a(socket.c.o)
                0x00021bb4                nrf_fcntl
 .text.z_sys_device_do_config_level
                0x00021bb8       0x2c zephyr/kernel/libkernel.a(device.c.obj)
                0x00021bb8                z_sys_device_do_config_level
 .text.z_impl_device_get_binding
                0x00021be4       0x4c zephyr/kernel/libkernel.a(device.c.obj)
                0x00021be4                z_impl_device_get_binding
 .text.z_impl_z_errno
                0x00021c30        0xc zephyr/kernel/libkernel.a(errno.c.obj)
                0x00021c30                z_impl_z_errno
 .text.idle     0x00021c3c       0x34 zephyr/kernel/libkernel.a(idle.c.obj)
                0x00021c3c                idle
 .text.z_bss_zero
                0x00021c70       0x14 zephyr/kernel/libkernel.a(init.c.obj)
                0x00021c70                z_bss_zero
 .text.z_data_copy
                0x00021c84       0x34 zephyr/kernel/libkernel.a(init.c.obj)
                0x00021c84                z_data_copy
 .text.bg_thread_main
                0x00021cb8       0x30 zephyr/kernel/libkernel.a(init.c.obj)
 .text.z_cstart
                0x00021ce8      0x140 zephyr/kernel/libkernel.a(init.c.obj)
                0x00021ce8                z_cstart
 .text.init_mem_slab_module
                0x00021e28       0x38 zephyr/kernel/libkernel.a(mem_slab.c.obj)
 .text.init_static_pools
                0x00021e60       0x28 zephyr/kernel/libkernel.a(mempool.c.obj)
                0x00021e60                init_static_pools
 .text.k_mem_pool_alloc
                0x00021e88      0x11c zephyr/kernel/libkernel.a(mempool.c.obj)